******************************************************************************
            TI ARM Clang Linker PC v4.0.2                      
******************************************************************************
>> Linked Tue Jun 10 16:07:46 2025

OUTPUT FILE NAME:   <bin\app_basic_ble_ticlang.elf>
ENTRY POINT SYMBOL: "resetISR"  address: 00028a15


MEMORY CONFIGURATION

         name            origin    length      used     unused   attr    fill
----------------------  --------  ---------  --------  --------  ----  --------
  FLASH                 00000000   0007c000  0002dcaf  0004e351  R  X
  NVS_SLOT              0007c000   00004000  00004000  00000000  R  X
  SRAM                  20000000   00010000  0000ce02  000031fe  RW X
  S2RRAM                40098000   00001000  00000000  00001000  RW  
  CCFG                  4e020000   00000800  00000800  00000000  R   
  LOG_DATA              90000000   00040000  00000000  00040000  R   
  LOG_PTR               94000008   00040000  00000000  00040000  R   


SEGMENT ALLOCATION MAP

run origin  load origin   length   init length attrs members
----------  ----------- ---------- ----------- ----- -------
00000000    00000000    0002dcb8   0002dcb8    r-x
  00000000    00000000    0000008c   0000008c    r-- .resetVecs
  00000090    00000090    000297a6   000297a6    r-x .text
  00029838    00029838    00004011   00004011    r-- .rodata
  0002d84c    0002d84c    0000046c   0000046c    r-- .cinit
0007c000    0007c000    00004000   00000000    rw-
  0007c000    0007c000    00004000   00000000    rw- .TI.bound:flashBuf0
20000400    20000400    00000020   00000000    rw-
  20000400    20000400    00000010   00000000    rw- .TI.bound:dmaChannel0ControlTableEntry
  20000410    20000410    00000010   00000000    rw- .TI.bound:dmaChannel1ControlTableEntry
20000440    20000440    00000020   00000000    rw-
  20000440    20000440    00000010   00000000    rw- .TI.bound:dmaChannel4ControlTableEntry
  20000450    20000450    00000010   00000000    rw- .TI.bound:dmaChannel5ControlTableEntry
20000460    20000460    0000c939   00000000    rw-
  20000460    20000460    0000bb3d   00000000    rw- .bss
  2000bfa0    2000bfa0    00000df9   00000000    rw- .data
2000fc00    2000fc00    00000400   00000000    rw-
  2000fc00    2000fc00    00000400   00000000    rw- .stack
4e020000    4e020000    00000800   00000800    r--
  4e020000    4e020000    00000800   00000800    r-- .ccfg


SECTION ALLOCATION MAP

 output                                  attributes/
section   page    origin      length       input sections
--------  ----  ----------  ----------   ----------------
.resetVecs 
*          0    00000000    0000008c     
                  00000000    0000008c     ti_freertos_config.c.obj (.resetVecs)

.binit     0    00000000    00000000     

.text      0    00000090    000297a6     
                  00000090    00000ccc     rcl_cc23x0r5.a : ble5.c.obj (.text.RCL_Handler_BLE5_adv)
                  00000d5c    00000a88     OneLib.a : OneLib_Host_Profiles_gattservapp.obj (.text.GATTServApp_ProcessEvent)
                  000017e4    000009a4              : OneLib_LL_ble.obj (.text.llProcessPeripheralControlPacket)
                  00002188    000007c4     StackWrapper.a : StackWrapper_Host_gapbondmgr.obj (.text.GAPBondMgr_ProcessGAPMsg)
                  0000294c    0000063c     OneLib.a : OneLib_Host_GATT_gatt_client.obj (.text.gattClientProcessMsgCB)
                  00002f88    000005f0              : OneLib_LL_ll_scheduler.obj (.text.llScheduler)
                  00003578    000005b0              : OneLib_LL_ll_peripheral_end_causes.obj (.text.llProcessPeripheralControlProcedures)
                  00003b28    000005a0              : OneLib_LL_ll_adv_end_causes.obj (.text.llAdv_TaskConnect)
                  000040c8    0000050c     nvocmp.c.obj (.text.NVOCMP_compactPage)
                  000045d4    000004c8     nvocmp.c.obj (.text.NVOCMP_initNvApi)
                  00004a9c    000004b8     rcl_cc23x0r5.a : ble5.c.obj (.text.RCL_Handler_BLE5_conn)
                  00004f54    000003fc     OneLib.a : OneLib_LL_ll_ae.obj (.text.llSetupExtAdvLegacy)
                  00005350    000003dc              : OneLib_LL_ll_peripheral_end_causes.obj (.text.llPeripheral_TaskEnd)
                  0000572c    00000394              : OneLib_LL_ll_peripheral_end_causes.obj (.text.llSetupNextPeripheralEvent)
                  00005ac0    00000380     ecc.a : scalarMul.c.obj (.text.SCALARMUL_core)
                  00005e40    00000378     StackWrapper.a : StackWrapper_Host_gapbondmgr.obj (.text.GAPBondMgr_SetParameter)
                  000061b8    00000344     OneLib.a : OneLib_LL_ll.obj (.text.LE_SetExtAdvEnable)
                  000064fc    00000330     ecc.a : scalarMul.c.obj (.text.ATOMICPATTERN)
                  0000682c    00000314     OneLib.a : OneLib_LL_ll.obj (.text.LE_SetExtAdvParams)
                  00006b40    00000314     ti_freertos_config.c.obj (.text.doPrint)
                  00006e54    00000310     ecc.a : lowlevelapi_m0_gnu.s.obj (.text)
                  00007164    0000030c     rcl_cc23x0r5.a : LRFCC23X0.c.obj (.text.LRF_temperatureCompensateTrim)
                  00007470    000002fc     drivers_cc23x0r5.a : RNGLPF3RF.c.obj (.text.RNGLPF3RF_conditionNoiseToGenerateSeed)
                  0000776c    000002c8     rcl_cc23x0r5.a : LRF.c.obj (.text.LRF_applySettings)
                  00007a34    000002ac     OneLib.a : OneLib_LL_ll_common.obj (.text.llSetupCtrlPkt)
                  00007ce0    000002a0     rcl_cc23x0r5.a : LRFCC23X0.c.obj (.text.LRF_programFrequency)
                  00007f80    0000028c     StackWrapper.a : StackWrapper_Host_gapbondmgr.obj (.text.GAPBondMgr_ProcessEvent)
                  0000820c    0000027c     OneLib.a : OneLib_LL_ll_common.obj (.text.llAllocConnId)
                  00008488    0000027c              : OneLib_LL_ll_common.obj (.text.llProcessPeripheralConnectionCreated)
                  00008704    00000274              : OneLib_LL_ll_scheduler.obj (.text.llFindNextSecTask)
                  00008978    0000026c              : OneLib_LL_ll_isr.obj (.text.llRxEntryDoneEventHandleStateConnection)
                  00008be4    00000248              : OneLib_Host_Profiles_gattservapp.obj (.text.GATTServApp_ReadAttr)
                  00008e2c    00000238              : OneLib_LL_ll_common.obj (.text.llRealignConn)
                  00009064    00000230     rcl_cc23x0r5.a : adc_noise.c.obj (.text.RCL_Handler_ADC_Noise_getNoise)
                  00009294    00000228     nvocmp.c.obj (.text.NVOCMP_addItem)
                  000094bc    0000021c     drivers_cc23x0r5.a : AESCCMLPF3.c.obj (.text.AESCCMLPF3_processSegmentedCBCMAC)
                  000096d8    00000214                        : UART2LPF3.c.obj (.text.UART2LPF3_hwiIntFxn)
                  000098ec    00000208     OneLib.a : OneLib_LL_ll.obj (.text.LL_Reset)
                  00009af4    00000208     rcl_cc23x0r5.a : RCL.c.obj (.text.rclCommandHwi)
                  00009cfc    00000200     OneLib.a : OneLib_Host_SM_sm_rsppairing.obj (.text.smResponderSendNextKeyInfo)
                  00009efc    000001f8              : OneLib_LL_ll_adv_end_causes.obj (.text.llExtAdv_PostProcess)
                  0000a0f4    000001f8              : OneLib_LL_ll_scheduler.obj (.text.llFindStartType)
                  0000a2ec    000001e4              : OneLib_Host_SM_sm_pairing.obj (.text.smSavePairInfo)
                  0000a4d0    000001d8     ecc.a : scalarMul.c.obj (.text.INVERT)
                  0000a6a8    000001d4     ti_freertos_config.c.obj (.text.mq_open)
                  0000a87c    000001cc     rcl_cc23x0r5.a : LRFCC23X0.c.obj (.text.LRF_setupRadio)
                  0000aa48    000001c4     drivers_cc23x0r5.a : AESCMACLPF3.c.obj (.text.AESCMACLPF3_startOperation)
                  0000ac0c    000001c4     OneLib.a : OneLib_Host_GAP_gap_advertiser.obj (.text.GapAdv_create)
                  0000add0    000001c4              : OneLib_Host_GAP_gap_advertiser.obj (.text.gapAdv_controllerCb)
                  0000af94    000001c0              : OneLib_LL_ll.obj (.text.LL_AddDeviceToResolvingList)
                  0000b154    000001bc              : OneLib_Host_GAP_gap_task.obj (.text.gapProcessBLEEvents)
                  0000b310    000001b4              : OneLib_LL_ll_data.obj (.text.llDynamicAlloc)
                  0000b4c4    000001a8     drivers_cc23x0r5.a : ECDHLPF3SW.c.obj (.text.ECDH_computeSharedSecret)
                  0000b66c    000001a8     ecc.a : scalarMul.c.obj (.text.JACADD)
                  0000b814    000001a4     ti_freertos_config.c.obj (.text.PowerCC23X0_standbyPolicy)
                  0000b9b8    000001a4     ecc.a : scalarMul25519.c.obj (.text.X25519_core)
                  0000bb5c    0000019c     drivers_cc23x0r5.a : UART2LPF3.c.obj (.text.UART2LPF3_initHw)
                  0000bcf8    00000194     OneLib.a : OneLib_LL_ll.obj (.text.LL_Init)
                  0000be8c    00000194     StackWrapper.a : StackWrapper_OSAL_osal.obj (.text.osal_run_system)
                  0000c020    00000192     libclang_rt.builtins.a : adddf3.S.obj (.text.adddf3_subdf3)
                  0000c1b2    00000002     ti_drivers_config.c.obj (.text.Board_initHook)
                  0000c1b4    0000018c     drivers_cc23x0r5.a : Button.c.obj (.text.Button_clockTimeoutHandler)
                  0000c340    00000188     OneLib.a : OneLib_LL_ll_common.obj (.text.llSelectConn)
                  0000c4c8    00000184     drivers_cc23x0r5.a : AESCCMLPF3.c.obj (.text.AESCCMLPF3_hwiFxn)
                  0000c64c    00000182                        : AESCCMLPF3.c.obj (.text.AESCCMLPF3_oneStepOperation)
                  0000c7ce    00000002     ble_user_config.c.obj (.text.DefaultAssertCback)
                  0000c7d0    00000180     OneLib.a : OneLib_Host_L2CAP_l2cap_task.obj (.text.l2capProcessReq)
                  0000c950    00000180              : OneLib_Host_SM_sm_mgr.obj (.text.sm_f5)
                  0000cad0    0000017c              : OneLib_LL_ll_isr.obj (.text.LL_rclAdvRxEntryDone)
                  0000cc4c    0000017c     drivers_cc23x0r5.a : UART2LPF3.c.obj (.text.UART2_open)
                  0000cdc8    0000017c     StackWrapper.a : StackWrapper_Host_gapbondmgr.obj (.text.gapBondMgrAuthenticate)
                  0000cf44    0000017c     OneLib.a : OneLib_Host_SM_sm_task.obj (.text.smProcessHCIBLEMetaEventCode)
                  0000d0c0    00000174              : OneLib_LL_ll.obj (.text.LL_ProcessEvent)
                  0000d234    00000174     nvocmp.c.obj (.text.NVOCMP_findItem)
                  0000d3a8    0000016c     OneLib.a : OneLib_Host_GAP_gap_task.obj (.text.gapProcessHCICmdCompleteEvt)
                  0000d514    0000016c              : OneLib_Host_GATT_gatt_server.obj (.text.gattServerProcessMsgCB)
                  0000d680    00000164     StackWrapper.a : StackWrapper_Host_gap.obj (.text.GAP_DeviceInit)
                  0000d7e4    0000015c     OneLib.a : OneLib_Host_Profiles_gattservapp.obj (.text.gattServApp_ProcessReadByTypeReq)
                  0000d940    0000015c              : OneLib_LL_ll_common.obj (.text.llGetNextConn)
                  0000da9c    0000015c              : OneLib_LL_ll_isr.obj (.text.llLastCmdDoneEventHandleConnectRequest)
                  0000dbf8    00000156     drivers_cc23x0r5.a : UART2.c.obj (.text.UART2_writeTimeoutBlocking)
                  0000dd4e    00000002     display_cc23x0r5.a : DisplayUart2.c.obj (.text.DisplayUart2Ansi_init)
                  0000dd50    00000150     OneLib.a : OneLib_Host_GAP_gap_advertiser.obj (.text.GapAdv_enable)
                  0000dea0    00000150              : OneLib_LL_ll_common.obj (.text.llCombinePDU)
                  0000dff0    0000014c     drivers_cc23x0r5.a : RNGLPF3RF.c.obj (.text.RNGLPF3RF_getValidatedNumber)
                  0000e13c    0000014c     OneLib.a : OneLib_LL_ll_common.obj (.text.llCalcConnMaxTimeLength)
                  0000e288    0000014c     rcl_cc23x0r5.a : RCL.c.obj (.text.rclStop)
                  0000e3d4    00000144     ti_freertos_config.c.obj (.text.prvTimerTask)
                  0000e518    00000140     OneLib.a : OneLib_LL_ll_common.obj (.text.llConnCleanup)
                  0000e658    00000140     rcl_cc23x0r5.a : RCL_Scheduler.c.obj (.text.rclSchedulerProcessCmdStartStopTime)
                  0000e798    0000013c     StackWrapper.a : StackWrapper_Host_gapbondmgr.obj (.text.gapBondMgrSaveBond)
                  0000e8d4    00000138     drivers_cc23x0r5.a : NVSLPF3.c.obj (.text.NVSLPF3_write)
                  0000ea0c    00000132     OneLib.a : OneLib_Host_SM_sm_mgr.obj (.text.sm_CMAC)
                  0000eb3e    00000002     drivers_cc23x0r5.a : ECDHLPF3SW.c.obj (.text.ECDH_init)
                  0000eb40    00000130     ecc.a : ECCSW.c.obj (.text.ECCSW_validatePublicKeyWeierstrass)
                  0000ec70    0000012c     OneLib.a : OneLib_LL_ll_scheduler.obj (.text.llExtAdvSchedSetup)
                  0000ed9c    00000128     StackWrapper.a : StackWrapper_Host_gapbondmgr.obj (.text.gapBondMgrEraseBonding)
                  0000eec4    00000128     OneLib.a : OneLib_LL_ll_scheduler.obj (.text.llCheckIsSecTaskCollideWithPrimTaskInLsto)
                  0000efec    00000128     ti_freertos_config.c.obj (.text.xQueueSemaphoreTake)
                  0000f114    00000124     OneLib.a : OneLib_Host_GATT_gatt_server.obj (.text.GATT_SendRsp)
                  0000f238    00000120     drivers_cc23x0r5.a : ECDHLPF3SW.c.obj (.text.ECDH_generatePublicKey)
                  0000f358    0000011e     OneLib.a : OneLib_Host_L2CAP_l2cap_task.obj (.text.l2capProcessRsp)
                  0000f476    00000002     driverlib.a : interrupt.c.obj (.text.IntDefaultHandler)
                  0000f478    00000118     OneLib.a : OneLib_HCI_hci_event.obj (.text.LL_EnhancedConnectionCompleteCback)
                  0000f590    00000116     icall_POSIX.c.obj (.text.ICall_waitMatch)
                  0000f6a6    00000002     rom_init.c.obj (.text.MAP_L2CAP_HandoverApplyDataCN)
                  0000f6a8    00000114     OneLib.a : OneLib_LL_ll_ae.obj (.text.llFindNextAdvSet)
                  0000f7bc    00000114              : OneLib_LL_ll_ae.obj (.text.llSetupExtHdr)
                  0000f8d0    00000114     StackWrapper.a : StackWrapper_OSAL_osal_timers.obj (.text.osalTimerUpdate)
                  0000f9e4    00000110     drivers_cc23x0r5.a : AESCTRDRBGXX.c.obj (.text.AESCTRDRBG_getRandomBytes)
                  0000faf4    00000110     rcl_cc23x0r5.a : ble5.c.obj (.text.RCL_Handler_BLE5_updateTxBuffers)
                  0000fc04    00000110     OneLib.a : OneLib_Host_SM_sm_rsppairing.obj (.text.smpResponderProcessPairingRandom)
                  0000fd14    0000010c              : OneLib_LL_ll_al.obj (.text.AL_AddEntry)
                  0000fe20    00000108              : OneLib_LL_ll.obj (.text.LL_ConnUpdate)
                  0000ff28    00000108     rcl_cc23x0r5.a : ble5.c.obj (.text.RCL_Handler_BLE5_getAuxPtrFromTxBuffer)
                  00010030    00000108     drivers_cc23x0r5.a : UART2.c.obj (.text.UART2_writeTimeoutNonblocking)
                  00010138    00000108     OneLib.a : OneLib_LL_ll_ae.obj (.text.llAddAdvSortedEntry)
                  00010240    00000108     ti_freertos_config.c.obj (.text.prvAddNewTaskToReadyList)
                  00010348    00000104     OneLib.a : OneLib_Host_SM_sm_mgr.obj (.text.sm_f6)
                  0001044c    00000100     drivers_cc23x0r5.a : AESCTRDRBGXX.c.obj (.text.AESCTRDRBG_reseed)
                  0001054c    00000100     dev_info_service.c.obj (.text.DevInfo_setParameter)
                  0001064c    00000100     OneLib.a : OneLib_LL_ll.obj (.text.LL_SetPhy)
                  0001074c    00000100     rcl_cc23x0r5.a : ble5.c.obj (.text.RCL_Handler_BLE5_updateAuxPtr)
                  0001084c    00000100     OneLib.a : OneLib_Host_GATT_gatt_server.obj (.text.gattProcessFindInfoReq)
                  0001094c    00000100              : OneLib_Host_SM_sm_pairing.obj (.text.smProcessDataMsg)
                  00010a4c    000000fc     drivers_cc23x0r5.a : AESCTRDRBGXX.c.obj (.text.AESCTRDRBG_construct)
                  00010b48    000000fc     OneLib.a : OneLib_LL_ll.obj (.text.LL_RemoveDeviceFromResolvingList)
                  00010c44    000000fc              : OneLib_LL_ll_common.obj (.text.llProcessAdvAddrResolutionTimeout)
                  00010d40    000000f8              : OneLib_Host_GAP_gap_linkmgr.obj (.text.gapPairingCompleteCB)
                  00010e38    000000f8              : OneLib_Host_SM_sm_rsppairing.obj (.text.smResponderProcessLTKReq)
                  00010f30    000000f8     ti_freertos_config.c.obj (.text.xTaskIncrementTick)
                  00011028    000000f4     OneLib.a : OneLib_Host_GAP_gap_advertiser.obj (.text.GapAdv_loadByHandle)
                  0001111c    000000f4              : OneLib_LL_ll_ae.obj (.text.LE_AE_SetData)
                  00011210    000000f4              : OneLib_Host_SM_sm_rsppairing.obj (.text.smpResponderProcessIncoming)
                  00011304    000000f2     ecc.a : scalarMul.c.obj (.text.SCALARMUL_init)
                  000113f6    00000002     rom_init.c.obj (.text.MAP_L2CAP_HandoverInitSN)
                  000113f8    000000f0     nvocmp.c.obj (.text.NVOCMP_cleanPage)
                  000114e8    000000f0     ecc.a : scalarMul.c.obj (.text.SCALARMUL_final)
                  000115d8    000000f0     OneLib.a : OneLib_Host_SM_sm_mgr.obj (.text.SM_VerifyAuthenSig)
                  000116c8    000000f0     StackWrapper.a : StackWrapper_Host_gapbondmgr.obj (.text.gapBondMgrUpdateCharCfg)
                  000117b8    000000f0     OneLib.a : OneLib_Host_SM_sm_mgr.obj (.text.sm_c1new)
                  000118a8    000000f0     ti_freertos_config.c.obj (.text.xTaskResumeAll)
                  00011998    000000ec     drivers_cc23x0r5.a : AESCCMLPF3.c.obj (.text.AESCCMLPF3_processOneStepCBCMACPolling)
                  00011a84    000000ec                        : PowerCC23X0.c.obj (.text.Power_init)
                  00011b70    000000ec     OneLib.a : OneLib_LL_ll_common.obj (.text.llConnExists)
                  00011c5c    000000ec              : OneLib_LL_ll_data.obj (.text.llDynamicFree)
                  00011d48    000000ec     rcl_cc23x0r5.a : RCL.c.obj (.text.rclSchedulerHwi)
                  00011e34    000000ec     OneLib.a : OneLib_Host_SM_sm_pairing.obj (.text.sm_c1)
                  00011f20    000000e8     rcl_cc23x0r5.a : RCL.c.obj (.text.rclDispatchHwi)
                  00012008    000000e8     OneLib.a : OneLib_Host_GAP_gap_linkmgr.obj (.text.sendAuthEvent)
                  000120f0    000000e8     ti_freertos_config.c.obj (.text.xQueueGenericSend)
                  000121d8    000000e4     bleapputil_process.c.obj (.text.BLEAppUtil_convertGAPEvents)
                  000122bc    000000e4     OneLib.a : OneLib_Host_SM_sm_pairing.obj (.text.SM_PasskeyUpdate)
                  000123a0    000000e4     libclang_rt.builtins.a : muldf3.S.obj (.text.__muldf3)
                  00012484    000000e4     OneLib.a : OneLib_Host_ATT_att_util.obj (.text.attSendMsg)
                  00012568    000000e4              : OneLib_Host_Profiles_gapgattserver.obj (.text.ggs_ReadAttrCB)
                  0001264c    000000e4     ti_freertos_config.c.obj (.text.xQueueReceive)
                  00012730    000000e0     drivers_cc23x0r5.a : Button.c.obj (.text.Button_open)
                  00012810    000000e0     OneLib.a : OneLib_LL_ll_scheduler.obj (.text.llAllocTask)
                  000128f0    000000e0              : OneLib_Host_SM_sm_mgr.obj (.text.sm_f4)
                  000129d0    000000e0              : OneLib_Host_SM_sm_mgr.obj (.text.sm_g2)
                  00012ab0    000000dc              : OneLib_LL_ll_common.obj (.text.llSendConnEvtCallback)
                  00012b8c    000000d8     app_connection.c.obj (.text.Connection_ConnEventHandler)
                  00012c64    000000d8     OneLib.a : OneLib_Host_Profiles_gattservapp.obj (.text.gattServApp_HandleConnStatusCB)
                  00012d3c    000000d8     ti_freertos_config.c.obj (.text.pthread_create)
                  00012e14    000000d8     OneLib.a : OneLib_Host_SM_sm_rsppairing.obj (.text.smContPublicKeyExchange)
                  00012eec    000000d4              : OneLib_Host_GATT_gatt_task.obj (.text.GATT_ProcessEvent)
                  00012fc0    000000d4     drivers_cc23x0r5.a : GPIOLPF3.c.obj (.text.GPIO_init)
                  00013094    000000d4     OneLib.a : OneLib_LL_ll_ae.obj (.text.LL_GetAdvSet)
                  00013168    000000d4     drivers_cc23x0r5.a : UART2LPF3.c.obj (.text.UART2Support_dmaStartRx)
                  0001323c    000000d4     ecc.a : lowlevelapi.c.obj (.text.mSET)
                  00013310    000000d4     ti_freertos_config.c.obj (.text.pvPortMalloc)
                  000133e4    000000d4     ble_user_config_stack.c.obj (.text.setBleUserConfig)
                  000134b8    000000d0     OneLib.a : OneLib_Host_GATT_gatt_server.obj (.text.GATT_RegisterService)
                  00013588    000000d0     drivers_cc23x0r5.a : UART2LPF3.c.obj (.text.UART2Support_dmaStartTx)
                  00013658    000000d0     OneLib.a : OneLib_Host_Profiles_gapgattserver.obj (.text.ggs_WriteAttrCB)
                  00013728    000000d0              : OneLib_Host_SM_sm_pairing.obj (.text.smGenerateAddrInput)
                  000137f8    000000cc     drivers_cc23x0r5.a : AESCTRLPF3.c.obj (.text.AESCTRLPF3_startOperation)
                  000138c4    000000cc     StackWrapper.a : StackWrapper_Host_gapbondmgr.obj (.text.GAPBondMgr_FindAddr)
                  00013990    000000cc     OneLib.a : OneLib_LL_ll.obj (.text.LL_TxData)
                  00013a5c    000000cc     drivers_cc23x0r5.a : PowerCC23X0.c.obj (.text.PowerCC23X0_oscillatorISR)
                  00013b28    000000c8     ecc.a : lowlevelapi.c.obj (.text.mINVK)
                  00013bf0    000000c4     dev_info_service.c.obj (.text.DevInfo_readAttrCB)
                  00013cb4    000000c4     OneLib.a : OneLib_Host_GAP_gap_advertiser.obj (.text.gapAdv_init)
                  00013d78    000000c4              : OneLib_LL_ll_common.obj (.text.llAlignToNextEvent)
                  00013e3c    000000c4     StackWrapper.a : StackWrapper_OSAL_osal.obj (.text.osal_set_event)
                  00013f00    000000c0     ble_stack_api.c.obj (.text.bleStack_initGapBondParams)
                  00013fc0    000000c0     ti_freertos_config.c.obj (.text.xEventGroupWaitBits)
                  00014080    000000bc     bleapputil_task.c.obj (.text.BLEAppUtil_Task)
                  0001413c    000000bc     OneLib.a : OneLib_Host_GAP_gap_linkmgr.obj (.text.GAP_Authenticate)
                  000141f8    000000bc              : OneLib_LL_ll_privacy.obj (.text.LL_PRIV_UpdateExtALEntry)
                  000142b4    000000bc              : OneLib_Host_SM_sm_rsppairing.obj (.text.smpResponderSendPairRspEvent)
                  00014370    000000ba     drivers_cc23x0r5.a : AESCMACLPF3.c.obj (.text.AESCMACLPF3_oneStepOperation)
                  0001442a    00000002     rom_init.c.obj (.text.MAP_LL_SDAA_Init)
                  0001442c    000000b8     StackWrapper.a : StackWrapper_Host_gattservapp_util.obj (.text.GATTServApp_ProcessCharCfg)
                  000144e4    000000b8     app_pairing.c.obj (.text.Pairing_pairStateHandler)
                  0001459c    000000b8     OneLib.a : OneLib_Host_L2CAP_l2cap_util.obj (.text.l2capDisconnectAllChannels)
                  00014654    000000b6     drivers_cc23x0r5.a : AESCTRLPF3.c.obj (.text.AESCTRLPF3_oneStepOperation)
                  0001470a    00000002     rom_init.c.obj (.text.MAP_LL_SDAA_SampleRXWindow)
                  0001470c    000000b4     StackWrapper.a : StackWrapper_Host_gapbondmgr.obj (.text.GAPBondMgr_Init)
                  000147c0    000000b4     OneLib.a : OneLib_Host_GAP_gap_linkmgr.obj (.text.GAP_UpdateLinkParamReqReply)
                  00014874    000000b4     nvocmp.c.obj (.text.NVOCMP_erase)
                  00014928    000000b4     OneLib.a : OneLib_Host_GAP_gap_linkmgr.obj (.text.gapProcessConnectionCompleteEvt)
                  000149dc    000000b4     ti_freertos_config.c.obj (.text.xTaskRemoveFromEventList)
                  00014a90    000000b0     display_cc23x0r5.a : DisplayUart2.c.obj (.text.DisplayUart2Ansi_vprintf)
                  00014b40    000000b0     OneLib.a : OneLib_Host_L2CAP_l2cap_task.obj (.text.L2CAP_Init)
                  00014bf0    000000b0              : OneLib_Host_SM_sm_mgr.obj (.text.SM_GenerateAuthenSig)
                  00014ca0    000000ac              : OneLib_Host_GATT_gatt_task.obj (.text.GATT_bm_alloc)
                  00014d4c    000000ac     StackWrapper.a : StackWrapper_Host_gapbondmgr.obj (.text.gapBondMgrEraseLocalInfo)
                  00014df8    000000ac                    : StackWrapper_Host_gapbondmgr.obj (.text.gapBondMgr_syncResolvingList)
                  00014ea4    000000ac     OneLib.a : OneLib_LL_ll_common.obj (.text.llFindNextConn)
                  00014f50    000000ac              : OneLib_LL_ll_scheduler.obj (.text.llFreeTask)
                  00014ffc    000000aa              : OneLib_LL_ll_common.obj (.text.llApplyParamUpdate)
                  000150a6    00000002     rom_init.c.obj (.text.MAP_gapInit_initiatingEnd)
                  000150a8    000000a8     OneLib.a : OneLib_LL_ll.obj (.text.LL_EXT_GetConnInfo)
                  00015150    000000a8              : OneLib_Host_SM_sm_mgr.obj (.text.generate_subkey)
                  000151f8    000000a8              : OneLib_Host_GAP_linkdb.obj (.text.linkDB_Add)
                  000152a0    000000a4     drivers_cc23x0r5.a : AESCCMLPF3.c.obj (.text.AESCCMLPF3_processSegmentedCTR)
                  00015344    000000a4                        : AESECBLPF3.c.obj (.text.AESECBLPF3_startOperation)
                  000153e8    000000a4     OneLib.a : OneLib_LL_ll.obj (.text.LE_SetExtAdvData)
                  0001548c    000000a4              : OneLib_HCI_hci_data.obj (.text.LL_RxDataCompleteCback)
                  00015530    000000a4     rcl_cc23x0r5.a : LRF.c.obj (.text.LRF_TxPowerTable_findValue)
                  000155d4    000000a4     StackWrapper.a : StackWrapper_Host_gapbondmgr.obj (.text.gapBondStateStartSecurity)
                  00015678    000000a4     OneLib.a : OneLib_Host_SM_sm_pairing.obj (.text.smF5Wrapper)
                  0001571c    000000a4              : OneLib_Host_SM_sm_pairing.obj (.text.smProcessEncryptChange)
                  000157c0    000000a2              : OneLib_Host_GATT_gatt_server.obj (.text.GATT_VerifyWritePermissions)
                  00015862    00000002     rom_init.c.obj (.text.MAP_gapInit_sendConnCancelledEvt)
                  00015864    000000a2     libclang_rt.builtins.a : udivmoddi4.S.obj (.text)
                  00015906    00000002     rom_init.c.obj (.text.MAP_gapScan_processSessionEndEvt)
                  00015908    000000a0     OneLib.a : OneLib_Host_GATT_gatt_server.obj (.text.GATT_Indication)
                  000159a8    000000a0              : OneLib_Host_GATT_gatt_client.obj (.text.GATT_InitClient)
                  00015a48    000000a0              : OneLib_Host_SM_sm_task.obj (.text.SM_ProcessEvent)
                  00015ae8    000000a0              : OneLib_Host_L2CAP_l2cap_util.obj (.text.l2capAllocChannel)
                  00015b88    000000a0     rcl_cc23x0r5.a : RCL_Scheduler.c.obj (.text.rclSchedulerCancelStopTime)
                  00015c28    0000009c     OneLib.a : OneLib_LL_ll_isr.obj (.text.LL_rclAdvTxFinished)
                  00015cc4    0000009c     StackWrapper.a : StackWrapper_OSAL_osal_cbtimer.obj (.text.cbTimerSetup)
                  00015d60    0000009c     drivers_cc23x0r5.a : NVSLPF3.c.obj (.text.doErase)
                  00015dfc    0000009c     OneLib.a : OneLib_LL_ll_scheduler.obj (.text.llCmdStartedEventHandle)
                  00015e98    0000009c              : OneLib_LL_ll_ecc.obj (.text.ll_GenerateDHKey)
                  00015f34    0000009c     StackWrapper.a : StackWrapper_OSAL_osal_cbtimer.obj (.text.osal_CbTimerProcessEvent)
                  00015fd0    0000009c     OneLib.a : OneLib_Host_SM_sm_pairing.obj (.text.smGetECCKeys)
                  0001606c    0000009a     drivers_cc23x0r5.a : UART2.c.obj (.text.UART2_writeCancel)
                  00016106    00000002     rom_init.c.obj (.text.MAP_gap_CentConnRegister)
                  00016108    00000098     OneLib.a : OneLib_LL_ll_privacy.obj (.text.LL_PRIV_CheckRLPeerIdEntry)
                  000161a0    00000098              : OneLib_LL_ll.obj (.text.LL_SetRandomAddress)
                  00016238    00000098     rcl_cc23x0r5.a : RCL_Buffer.c.obj (.text.RCL_MultiBuffer_RxEntry_next)
                  000162d0    00000098     OneLib.a : OneLib_Host_Profiles_gattservapp.obj (.text.gattServApp_SetNumPrepareWrites)
                  00016368    00000094              : OneLib_Host_Profiles_gattservapp.obj (.text.GATTServApp_Init)
                  000163fc    00000094              : OneLib_HCI_hci_event.obj (.text.HCI_CommandCompleteEvent)
                  00016490    00000094     icall_POSIX.c.obj (.text.ICall_send)
                  00016524    00000094     OneLib.a : OneLib_LL_ll_privacy.obj (.text.LL_PRIV_AddExtALEntry)
                  000165b8    00000094     drivers_cc23x0r5.a : NVSLPF3.c.obj (.text.NVSLPF3_open)
                  0001664c    00000094     rcl_cc23x0r5.a : RCL_Scheduler.c.obj (.text.RCL_Scheduler_setStopTimes)
                  000166e0    00000094     OneLib.a : OneLib_Host_SM_sm_pairing.obj (.text.SM_StartPairing)
                  00016774    00000094     ecc.a : scalarMul.c.obj (.text.SQUAREMULTIPLYWORD)
                  00016808    00000094     simple_gatt_profile.c.obj (.text.SimpleGattProfile_setParameter)
                  0001689c    00000094     simple_gatt_profile.c.obj (.text.SimpleGattProfile_writeAttrCB)
                  00016930    00000092     driverlib.a : aes_ticlang.s.obj (.text)
                  000169c2    00000002     rom_init.c.obj (.text.MAP_l2capDisconnectChannel)
                  000169c4    00000090     display_cc23x0r5.a : DisplayUart2.c.obj (.text.DisplayUart2Ansi_clearLines)
                  00016a54    00000090     OneLib.a : OneLib_Host_GAP_gap_linkmgr.obj (.text.GAP_Bond)
                  00016ae4    00000090              : OneLib_Host_L2CAP_l2cap_if.obj (.text.L2CAP_SendData)
                  00016b74    00000090     rcl_cc23x0r5.a : RCL_Buffer.c.obj (.text.RCL_MultiBuffer_RxEntry_get)
                  00016c04    00000090     drivers_cc23x0r5.a : UART2LPF3.c.obj (.text.UART2_close)
                  00016c94    00000090     OneLib.a : OneLib_Host_Profiles_gattservapp.obj (.text.gattServApp_EnqueueReTx)
                  00016d24    00000090              : OneLib_Host_L2CAP_l2cap_util.obj (.text.l2capEncapSendData)
                  00016db4    00000090              : OneLib_Host_L2CAP_l2cap_util.obj (.text.l2capSendReq)
                  00016e44    00000090              : OneLib_LL_ll_ae.obj (.text.llCompareSecondaryPrimaryTasksQoSParam)
                  00016ed4    00000090              : OneLib_LL_ble.obj (.text.llManageControlPacketQueue)
                  00016f64    00000090              : OneLib_LL_ll_scheduler.obj (.text.llScheduleTask)
                  00016ff4    00000090              : OneLib_LL_ll_ecc.obj (.text.ll_ReadLocalP256PublicKey)
                  00017084    00000090     ti_freertos_config.c.obj (.text.vTaskDelete)
                  00017114    00000090     ti_freertos_config.c.obj (.text.vTaskRemoveFromUnorderedEventList)
                  000171a4    00000090     ti_freertos_config.c.obj (.text.vTaskSuspend)
                  00017234    00000090     ti_freertos_config.c.obj (.text.xQueueGenericReset)
                  000172c4    00000090     ecc.a : lowlevelapi.c.obj (.text.zSUB)
                  00017354    0000008e     OneLib.a : OneLib_Host_GATT_gatt_task.obj (.text.gattGetPayload)
                  000173e2    0000008e              : OneLib_LL_ll_common.obj (.text.llValidateConnParams)
                  00017470    0000008c              : OneLib_Host_GAP_gap_linkmgr.obj (.text.GAP_UpdateLinkParamReq)
                  000174fc    0000008c              : OneLib_Host_Profiles_gattservapp.obj (.text.GATTServApp_WriteAttr)
                  00017588    0000008c              : OneLib_Host_GATT_gatt_server.obj (.text.GATT_FindNextAttr)
                  00017614    0000008c     rcl_cc23x0r5.a : RCL_AdcNoise.c.obj (.text.RCL_AdcNoise_get_samples_blocking)
                  000176a0    0000008c     OneLib.a : OneLib_Host_GATT_gatt_client.obj (.text.gattClientHandleConnStatusCB)
                  0001772c    0000008c              : OneLib_Host_GATT_gatt_server.obj (.text.gattServerHandleConnStatusCB)
                  000177b8    0000008c     StackWrapper.a : StackWrapper_OSAL_osal.obj (.text.osal_msg_enqueue_push)
                  00017844    0000008c     OneLib.a : OneLib_Host_SM_sm_pairing.obj (.text.smUpdateEncInfo)
                  000178d0    0000008c     ti_freertos_config.c.obj (.text.xTaskPriorityInherit)
                  0001795c    0000008a     ecc.a : lowlevelapi.c.obj (.text.zMACC32)
                  000179e6    00000002     rom_init.c.obj (.text.MAP_l2capGetCoChannelInfo)
                  000179e8    00000088     drivers_cc23x0r5.a : AESCTRLPF3.c.obj (.text.AESCTRLPF3_processData)
                  00017a70    00000088     StackWrapper.a : StackWrapper_Host_gapbondmgr.obj (.text.GAPBondMgr_ServiceChangeInd)
                  00017af8    00000088     app_menu.c.obj (.text.Menu_workWithCB)
                  00017b80    00000088     nvocmp.c.obj (.text.NVOCMP_getDstPage)
                  00017c08    00000088     ble_stack_api.c.obj (.text.bleStack_initGatt)
                  00017c90    00000088     StackWrapper.a : StackWrapper_ICallBLE_icall_lite_translation.obj (.text.icall_liteTranslation)
                  00017d18    00000088     OneLib.a : OneLib_Host_SM_sm_rsppairing.obj (.text.smpResponderProcessPairingConfirm)
                  00017da0    00000088     libc.a : strcmp-armv6m.S.obj (.text:strcmp)
                  00017e28    00000086     OneLib.a : OneLib_LL_ll.obj (.text.LL_RemoteConnParamReqReply)
                  00017eae    00000086              : OneLib_LL_ll_common.obj (.text.llWriteTxData)
                  00017f34    00000086              : OneLib_Host_SMP_smp.obj (.text.smpBuildPairingReqRsp)
                  00017fba    00000086              : OneLib_Host_SMP_smp.obj (.text.smpParsePairingReq)
                  00018040    00000084     drivers_cc23x0r5.a : AESCMACLPF3.c.obj (.text.AESCMACLPF3_getResult)
                  000180c4    00000084     OneLib.a : OneLib_LL_ll_privacy.obj (.text.LL_PRIV_FindExtALEntry)
                  00018148    00000084              : OneLib_LL_ll_privacy.obj (.text.LL_PRIV_FindPeerInRL)
                  000181cc    00000084     StackWrapper.a : StackWrapper_Host_gattservapp_util.obj (.text.gattServApp_SendNotiInd)
                  00018250    00000084     OneLib.a : OneLib_LL_ll_common.obj (.text.llProcessTxData)
                  000182d4    00000084              : OneLib_LL_ll_ae.obj (.text.llSetExtHdrFlags)
                  00018358    00000084     ti_freertos_config.c.obj (.text.memalign)
                  000183dc    00000084     rcl_cc23x0r5.a : RCL_Scheduler.c.obj (.text.rclSchedulerSetNewStopTime)
                  00018460    00000084     OneLib.a : OneLib_Host_SM_sm_pairing.obj (.text.smGenerateDHKeyCheck)
                  000184e4    00000084     driverlib.a : udma.c.obj (.text.uDMASetChannelTransfer)
                  00018568    00000080     drivers_cc23x0r5.a : AESCTRLPF3.c.obj (.text.AESCTRLPF3_hwiFxn)
                  000185e8    00000080     OneLib.a : OneLib_Host_L2CAP_l2cap_task.obj (.text.L2CAP_ProcessEvent)
                  00018668    00000080              : OneLib_LL_ll.obj (.text.LL_EXT_GetActiveConnInfo)
                  000186e8    00000080     menu_module.c.obj (.text.MenuModule_printMenuNavBar)
                  00018768    00000080     OneLib.a : OneLib_Host_Profiles_gattservapp.obj (.text.gattServApp_buildReadByTypeRsp)
                  000187e8    00000080              : OneLib_LL_ll_common.obj (.text.llCheckAcceptListUsage)
                  00018868    00000080              : OneLib_LL_ll_common.obj (.text.llReplaceCtrlPkt)
                  000188e8    00000080              : OneLib_LL_ble.obj (.text.llReplaceRxBuffers)
                  00018968    00000080     ti_freertos_config.c.obj (.text.prvAddCurrentTaskToDelayedList)
                  000189e8    00000080     OneLib.a : OneLib_Host_SM_sm_task.obj (.text.smProcessHCIBLEEventCode)
                  00018a68    00000080     ti_freertos_config.c.obj (.text.vTaskSwitchContext)
                  00018ae8    0000007e     ecc.a : scalarMul25519.c.obj (.text.X25519_final)
                  00018b66    00000002     rom_init.c.obj (.text.MAP_l2capNotifyChannelEstEvt)
                  00018b68    0000007c     ti_freertos_config.c.obj (.text.ClockP_startup)
                  00018be4    0000007c     OneLib.a : OneLib_Host_Profiles_gattservapp.obj (.text.GATTServApp_RegisterService)
                  00018c60    0000007c              : OneLib_Host_GATT_gatt_server.obj (.text.GATT_ServiceChangedInd)
                  00018cdc    0000007c              : OneLib_Host_L2CAP_l2cap_if.obj (.text.L2CAP_ConnParamUpdateReq)
                  00018d58    0000007c     ti_freertos_config.c.obj (.text.formatNum)
                  00018dd4    0000007c     StackWrapper.a : StackWrapper_Host_gapbondmgr.obj (.text.gapBondMgr_SyncCharCfg)
                  00018e50    0000007c     OneLib.a : OneLib_Host_GAP_gap_linkmgr.obj (.text.gapProcessDisconnectCompleteEvt)
                  00018ecc    0000007c              : OneLib_Host_GAP_gap_task.obj (.text.gapProcessOSALMsg)
                  00018f48    0000007c              : OneLib_Host_L2CAP_l2cap_task.obj (.text.l2capProcessRxData)
                  00018fc4    0000007c              : OneLib_LL_ll_common.obj (.text.llCBTimer_AptoExpiredCback)
                  00019040    0000007c              : OneLib_LL_ll_common.obj (.text.llVerifyConnParamReqParams)
                  000190bc    0000007c     drivers_cc23x0r5.a : TemperatureLPF3.c.obj (.text.temperatureEventCb)
                  00019138    0000007c     ti_freertos_config.c.obj (.text.xQueueGenericSendFromISR)
                  000191b4    0000007c     libc.a : copy_decompress_lzss.c.obj (.text:decompress:lzss)
                  00019230    0000007a     OneLib.a : OneLib_Host_GATT_gatt_client.obj (.text.gattResetClientInfo)
                  000192aa    00000078     drivers_cc23x0r5.a : AESECBLPF3.c.obj (.text.AESECB_oneStepEncrypt)
                  00019322    00000002     rom_init.c.obj (.text.MAP_l2capNotifyChannelTermEvt)
                  00019324    00000078     bleapputil_process.c.obj (.text.BLEAppUtil_isStackEventRequired)
                  0001939c    00000078     ti_freertos_config.c.obj (.text.ClockP_hwiCallback)
                  00019414    00000078     ecc.a : ECCSW.c.obj (.text.ECCSW_validatePrivateKeyWeierstrass)
                  0001948c    00000078     ti_freertos_config.c.obj (.text.HwiP_construct)
                  00019504    00000078     icall_POSIX.c.obj (.text.ICall_setTimer)
                  0001957c    00000078     OneLib.a : OneLib_LL_ll_enc.obj (.text.LL_ENC_Decrypt)
                  000195f4    00000078              : OneLib_LL_ll.obj (.text.LL_EXT_SetMaxDataLen)
                  0001966c    00000078     nvocmp.c.obj (.text.NVOCMP_writeItemApi)
                  000196e4    00000078     rcl_cc23x0r5.a : RCL_Scheduler.c.obj (.text.RCL_Scheduler_findStopStatus)
                  0001975c    00000078     app_simple_gatt.c.obj (.text.SimpleGatt_start)
                  000197d4    00000078     OneLib.a : OneLib_Host_GAP_gap_perilinkmgr.obj (.text.gapPeriProcessSignalEvt)
                  0001984c    00000078              : OneLib_Host_GAP_gap_task.obj (.text.gapProcessCommandStatusEvt)
                  000198c4    00000078     rcl_cc23x0r5.a : hal_cc23x0.c.obj (.text.hal_init_fsm)
                  0001993c    00000078     StackWrapper.a : StackWrapper_OSAL_osal.obj (.text.osal_init_system)
                  000199b4    00000078                    : StackWrapper_OSAL_osal.obj (.text.osal_msg_receive)
                  00019a2c    00000078     OneLib.a : OneLib_Host_GAP_gap_linkmgr.obj (.text.sendEstLinkEvent)
                  00019aa4    00000078     ti_freertos_config.c.obj (.text.xEventGroupSetBits)
                  00019b1c    00000078     ti_freertos_config.c.obj (.text.xQueueReceiveFromISR)
                  00019b94    00000076     drivers_cc23x0r5.a : AESCTRDRBGXX.c.obj (.text.AESCTRDRBGXX_updateState)
                  00019c0a    00000076     OneLib.a : OneLib_LL_ll_common.obj (.text.llFragmentPDU)
                  00019c80    00000076     ti_freertos_config.c.obj (.text.prvCopyDataToQueue)
                  00019cf6    00000002     rom_init.c.obj (.text.MAP_l2capProcessConnectReq)
                  00019cf8    00000074     drivers_cc23x0r5.a : BatMonSupportLPF3.c.obj (.text.BatMonSupportLPF3_init)
                  00019d6c    00000074     StackWrapper.a : StackWrapper_Host_gap.obj (.text.GAP_DeviceInit_validate_params)
                  00019de0    00000074     OneLib.a : OneLib_LL_ll_privacy.obj (.text.LL_PRIV_Init)
                  00019e54    00000074              : OneLib_LL_ll.obj (.text.LL_initRNGNoise)
                  00019ec8    00000074     libclang_rt.builtins.a : comparedf2.c.obj (.text.__gedf2)
                  00019f3c    00000074     OneLib.a : OneLib_Host_L2CAP_l2cap_util.obj (.text.l2capSendCmd)
                  00019fb0    00000074              : OneLib_LL_ll_common.obj (.text.llIsThereACollisionBetweenConn)
                  0001a024    00000074     StackWrapper.a : StackWrapper_OSAL_osal_bufmgr.obj (.text.osal_bm_free)
                  0001a098    00000074     ti_freertos_config.c.obj (.text.prvUnlockQueue)
                  0001a10c    00000074     OneLib.a : OneLib_Host_SM_sm_pairing.obj (.text.smOobSCAuthentication)
                  0001a180    00000072              : OneLib_Host_GATT_gatt_server.obj (.text.GATT_VerifyReadPermissions)
                  0001a1f2    00000072     osal_icall_ble.c.obj (.text.osalInitTasks)
                  0001a264    00000070     OneLib.a : OneLib_LL_ll_al.obj (.text.AL_FindEntry)
                  0001a2d4    00000070              : OneLib_Host_GAP_gap_configmgr.obj (.text.GAP_GetDevAddress)
                  0001a344    00000070              : OneLib_Host_GATT_gatt_server.obj (.text.GATT_FindHandleUUID)
                  0001a3b4    00000070              : OneLib_Host_GATT_gatt_server.obj (.text.GATT_InitServer)
                  0001a424    00000070              : OneLib_HCI_hci_event.obj (.text.LL_PhyUpdateCompleteEventCback)
                  0001a494    00000070     nvocmp.c.obj (.text.NVOCMP_eraseNvApi)
                  0001a504    00000070     nvocmp.c.obj (.text.NVOCMP_readItemApi)
                  0001a574    00000070     drivers_cc23x0r5.a : PowerCC23X0.c.obj (.text.PowerCC23X0_startHFXT)
                  0001a5e4    00000070     rcl_cc23x0r5.a : ble5.c.obj (.text.RCL_Handler_BLE5_findRfFreq)
                  0001a654    00000070     OneLib.a : OneLib_Host_SM_sm_rsppairing.obj (.text.SM_ResponderInit)
                  0001a6c4    00000070     drivers_cc23x0r5.a : UART2LPF3.c.obj (.text.UART2Support_dmaStopTx)
                  0001a734    00000070     StackWrapper.a : StackWrapper_Host_gapbondmgr.obj (.text.gapBondMgrSetStateFlagFromConnhandle)
                  0001a7a4    00000070     OneLib.a : OneLib_Host_L2CAP_l2cap_util.obj (.text.l2capParsePacket)
                  0001a814    00000070              : OneLib_Host_L2CAP_l2cap_task.obj (.text.l2capProcessOSALMsg)
                  0001a884    00000070              : OneLib_LL_ll_common.obj (.text.llCreateCommonFeatureSet)
                  0001a8f4    00000070              : OneLib_LL_ll_common.obj (.text.llEstimateConnMinTimeLength)
                  0001a964    00000070     StackWrapper.a : StackWrapper_OSAL_osal.obj (.text.osal_event_send)
                  0001a9d4    00000070     ti_freertos_config.c.obj (.text.prvInitialiseNewTask)
                  0001aa44    00000070     rcl_cc23x0r5.a : RCL_Scheduler.c.obj (.text.rclSchedulerFindEarliestStopTime)
                  0001aab4    00000070                    : RCL.c.obj (.text.scheduleHook)
                  0001ab24    00000070     OneLib.a : OneLib_Host_SM_sm_pairing.obj (.text.smFreePairingParams)
                  0001ab94    00000070     ti_freertos_config.c.obj (.text.vTaskPriorityDisinheritAfterTimeout)
                  0001ac04    0000006e     OneLib.a : OneLib_HCI_hci_event_raw.obj (.text.HCI_SendCommandCompleteEvent)
                  0001ac72    0000006c     drivers_cc23x0r5.a : CryptoUtils.c.obj (.text.CryptoUtils_reverseCopyPad)
                  0001acde    00000002     rom_init.c.obj (.text.MAP_llBuildCtrlPktCent)
                  0001ace0    0000006c     display_cc23x0r5.a : DisplayUart2.c.obj (.text.DisplayUart2Ansi_open)
                  0001ad4c    0000006c     OneLib.a : OneLib_Host_GATT_gatt_server.obj (.text.GATT_Notification)
                  0001adb8    0000006c              : OneLib_Host_Profiles_gapgattserver.obj (.text.GGS_SetParameter)
                  0001ae24    0000006c     drivers_cc23x0r5.a : GPIOLPF3.c.obj (.text.GPIO_setConfigAndMux)
                  0001ae90    0000006c     OneLib.a : OneLib_LL_ll.obj (.text.LE_RemoveAdvSet)
                  0001aefc    0000006c              : OneLib_LL_ll_enc.obj (.text.LL_ENC_Encrypt)
                  0001af68    0000006c     nvocmp.c.obj (.text.NVOCMP_getFreeNvApi)
                  0001afd4    0000006c     nvocmp.c.obj (.text.NVOCMP_readHeader)
                  0001b040    0000006c     simple_gatt_profile.c.obj (.text.SimpleGattProfile_readAttrCB)
                  0001b0ac    0000006c     OneLib.a : OneLib_Host_GAP_gap_perilinkmgr.obj (.text.gapPeriProcessConnUpdateCompleteEvt)
                  0001b118    0000006c              : OneLib_Host_GAP_gap_configmgr.obj (.text.gapSendDeviceInitDoneEvent)
                  0001b184    0000006c              : OneLib_Host_L2CAP_l2cap_util.obj (.text.l2capNotifyEvent)
                  0001b1f0    0000006c              : OneLib_Host_GAP_linkdb.obj (.text.linkDB_Authen)
                  0001b25c    0000006c              : OneLib_LL_ble.obj (.text.llSetupConnRxDataEntryQueue)
                  0001b2c8    0000006c              : OneLib_LL_ll_ae.obj (.text.llUpdateSortedAdvList)
                  0001b334    0000006c     ti_freertos_config.c.obj (.text.prvCheckForValidListAndQueue)
                  0001b3a0    0000006c     ti_freertos_config.c.obj (.text.vPortGetHeapStats)
                  0001b40c    00000068     drivers_cc23x0r5.a : ECDHLPF3SW.c.obj (.text.ECDHLPF3SW_getKeyResult)
                  0001b474    00000068     icall_POSIX.c.obj (.text.ICall_enrollService)
                  0001b4dc    00000068     OneLib.a : OneLib_LL_ll.obj (.text.LE_ClearAdvSets)
                  0001b544    00000068              : OneLib_LL_ll.obj (.text.LE_SetExtScanRspData)
                  0001b5ac    00000068              : OneLib_LL_ll_enc.obj (.text.LL_AESCCM_Init)
                  0001b614    00000068              : OneLib_LL_ll_enc.obj (.text.LL_AESECB_Init)
                  0001b67c    00000068              : OneLib_LL_ll_ae.obj (.text.LL_DisableAdvSets)
                  0001b6e4    00000068              : OneLib_HCI_hci_event.obj (.text.LL_RemoteConnParamReqCback)
                  0001b74c    00000068              : OneLib_LL_ll.obj (.text.LL_WriteDefaultDataLen)
                  0001b7b4    00000068     rcl_cc23x0r5.a : LRFCC23X0.c.obj (.text.LRF_setTrimCommon)
                  0001b81c    00000068     menu_module.c.obj (.text.MenuModule_doInit)
                  0001b884    00000068     drivers_cc23x0r5.a : PowerCC23X0.c.obj (.text.Power_sleep)
                  0001b8ec    00000068     libclang_rt.builtins.a : comparedf2.c.obj (.text.__ledf2)
                  0001b954    00000068     OneLib.a : OneLib_Host_GAP_gap_linkmgr.obj (.text.gapSendPairingReqEvent)
                  0001b9bc    00000068              : OneLib_Host_GATT_gatt_client.obj (.text.gattReadByType)
                  0001ba24    00000068              : OneLib_Host_GAP_linkdb.obj (.text.linkDB_Init)
                  0001ba8c    00000068              : OneLib_LL_ll_isr.obj (.text.llLastCmdDoneEventHandleStateAdv)
                  0001baf4    00000068     ti_freertos_config.c.obj (.text.mq_send)
                  0001bb5c    00000068     StackWrapper.a : StackWrapper_OSAL_osal_cbtimer.obj (.text.osal_CbTimerUpdate)
                  0001bbc4    00000068     OneLib.a : OneLib_Host_SM_sm_rsppairing.obj (.text.smpResponderProcessCentralID)
                  0001bc2c    00000068              : OneLib_Host_SM_sm_rsppairing.obj (.text.smpResponderProcessPairingDHKeyCheck)
                  0001bc94    00000066     ecc.a : scalarMul.c.obj (.text.GETDIGITL2R)
                  0001bcfa    00000002     rom_init.c.obj (.text.MAP_llClearPeriodicAdvSets)
                  0001bcfc    00000064     drivers_cc23x0r5.a : AESCommonLPF3.c.obj (.text.AESCommonLPF3_construct)
                  0001bd60    00000064     app_main.c.obj (.text.App_StackInitDoneHandler)
                  0001bdc4    00000064     ti_freertos_config.c.obj (.text.ClockP_start)
                  0001be28    00000064     drivers_cc23x0r5.a : CryptoUtils.c.obj (.text.CryptoUtils_copyPad)
                  0001be8c    00000064     OneLib.a : OneLib_Host_GAP_gap_task.obj (.text.GAP_ProcessEvent)
                  0001bef0    00000064              : OneLib_HCI_hci_event.obj (.text.HCI_VendorSpecifcCommandCompleteEvent)
                  0001bf54    00000064     driverlib.a : interrupt.c.obj (.text.IntSetPriority)
                  0001bfb8    00000064     OneLib.a : OneLib_HCI_hci_event.obj (.text.LL_ReadLocalP256PublicKeyCompleteEventCback)
                  0001c01c    00000064     rcl_cc23x0r5.a : ble5.c.obj (.text.RCL_Handler_BLE5_updateConnStats)
                  0001c080    00000064     app_simple_gatt.c.obj (.text.SimpleGatt_changeCB)
                  0001c0e4    00000064     drivers_cc23x0r5.a : UART2LPF3.c.obj (.text.UART2Support_dmaStopRx)
                  0001c148    00000064     ble_stack_api.c.obj (.text.bleStk_initAdvSet)
                  0001c1ac    00000064     StackWrapper.a : StackWrapper_Host_gapbondmgr.obj (.text.gapBondStateDoGATTDisc)
                  0001c210    00000064     OneLib.a : OneLib_LL_ll_common.obj (.text.llEnqueueCtrlPkt)
                  0001c274    00000064              : OneLib_LL_ll_ae.obj (.text.llSendAdvSetTermEvent)
                  0001c2d8    00000064     osal_icall_ble.c.obj (.text.stack_main)
                  0001c33c    00000064     ti_freertos_config.c.obj (.text.xQueueGiveFromISR)
                  0001c3a0    00000064     ti_freertos_config.c.obj (.text.xTaskCreate)
                  0001c404    00000062     libclang_rt.builtins.a : aeabi_dcmp.S.obj (.text.__aeabi_dcmp)
                  0001c466    00000062     StackWrapper.a : StackWrapper_Host_gapbondmgr.obj (.text.gapBondMgrBondReq)
                  0001c4c8    00000060     drivers_cc23x0r5.a : AESCMACLPF3.c.obj (.text.AESCMACLPF3_hwiFxn)
                  0001c528    00000060     OneLib.a : OneLib_Host_ATT_att_util.obj (.text.ATT_ParsePacket)
                  0001c588    00000060     bleapputil_task.c.obj (.text.BLEAppUtil_createBLEAppUtilTask)
                  0001c5e8    00000060     bleapputil_init.c.obj (.text.BLEAppUtil_stackInit)
                  0001c648    00000060     ti_freertos_config.c.obj (.text.ClockP_stop)
                  0001c6a8    00000060     app_connection.c.obj (.text.Connection_HciGAPEventHandler)
                  0001c708    00000060     StackWrapper.a : StackWrapper_Host_gapbondmgr.obj (.text.GAPBondMgr_Pair)
                  0001c768    00000060     OneLib.a : OneLib_HCI_hci.obj (.text.HCI_HostNumCompletedPktCmd)
                  0001c7c8    00000060              : OneLib_HCI_hci_event_raw.obj (.text.HCI_getPacketLen)
                  0001c828    00000060     icall_POSIX.c.obj (.text.ICall_sendServiceComplete)
                  0001c888    00000060     OneLib.a : OneLib_LL_ll.obj (.text.LL_EncLtkNegReply)
                  0001c8e8    00000060     menu_module.c.obj (.text.MenuModule_displayMenu)
                  0001c948    00000060     nvocmp.c.obj (.text.NVOCMP_compactNvApi)
                  0001c9a8    00000060     StackWrapper.a : StackWrapper_Host_gapbondmgr.obj (.text.gapBondMgrUpdateLruBondList)
                  0001ca08    00000060     icall_POSIX.c.obj (.text.icall_directAPIva)
                  0001ca68    00000060     OneLib.a : OneLib_Host_L2CAP_l2cap_task.obj (.text.l2capProcessSignal)
                  0001cac8    00000060              : OneLib_LL_ll_common.obj (.text.llDequeueCtrlPkt)
                  0001cb28    00000060              : OneLib_LL_ll_ae.obj (.text.llFindNextSecCmd)
                  0001cb88    00000060              : OneLib_LL_ll_common.obj (.text.llQueryTxQueue)
                  0001cbe8    00000060              : OneLib_Host_SM_sm_rsppairing.obj (.text.smpResponderProcessPairingPublicKey)
                  0001cc48    00000060     ti_freertos_config.c.obj (.text.xTaskPriorityDisinherit)
                  0001cca8    0000005c     drivers_cc23x0r5.a : AESECBLPF3.c.obj (.text.AESECBLPF3_hwiFxn)
                  0001cd04    0000005c     bleapputil_stack_callbacks.c.obj (.text.BLEAppUtil_advCB)
                  0001cd60    0000005c     bleapputil_stack_callbacks.c.obj (.text.BLEAppUtil_scanCB)
                  0001cdbc    0000005c     ti_freertos_config.c.obj (.text.ClockP_walkQueueDynamic)
                  0001ce18    0000005c     drivers_cc23x0r5.a : CryptoResourceLPF3.c.obj (.text.CryptoResourceLPF3_constructRTOSObjects)
                  0001ce74    0000005c     OneLib.a : OneLib_Host_GAP_gap_advertiser.obj (.text.GapAdv_abortLoad)
                  0001ced0    0000005c     icall_POSIX.c.obj (.text.ICall_createRemoteTasksAtRuntime)
                  0001cf2c    0000005c     OneLib.a : OneLib_LL_ll.obj (.text.LL_Disconnect)
                  0001cf88    0000005c              : OneLib_LL_ll.obj (.text.LL_SetAddressResolutionEnable)
                  0001cfe4    0000005c     rcl_cc23x0r5.a : LRFCC23X0.c.obj (.text.LRF_setRxFifoEffSz)
                  0001d040    0000005c     nvocmp.c.obj (.text.NVOCMP_checkItem)
                  0001d09c    0000005c     nvocmp.c.obj (.text.NVOCMP_verifyCRC)
                  0001d0f8    0000005c     rcl_cc23x0r5.a : adc_noise.c.obj (.text.RCL_Handler_Adc_Noise_powerDown)
                  0001d154    0000005c     StackWrapper.a : StackWrapper_Host_sm_ecc.obj (.text.SM_p256KeyCB)
                  0001d1b0    0000005c                    : StackWrapper_Host_gapbondmgr.obj (.text.gapBondMgr_UpdateCharCfg)
                  0001d20c    0000005c     OneLib.a : OneLib_Host_GAP_gap_configmgr.obj (.text.gap_ParamsInit)
                  0001d268    0000005c              : OneLib_LL_ll_dfl.obj (.text.llDFLUpdateRanks)
                  0001d2c4    0000005c              : OneLib_LL_ll_isr.obj (.text.llLastCmdDoneEventHandleStatePeripheral)
                  0001d320    0000005c              : OneLib_LL_ll_common.obj (.text.llReleaseConnId)
                  0001d37c    0000005c     StackWrapper.a : StackWrapper_OSAL_osal_timers.obj (.text.osal_timer_refTimeUpdate)
                  0001d3d8    0000005c     ti_freertos_config.c.obj (.text.prvIdleTask)
                  0001d434    0000005c     OneLib.a : OneLib_Host_SM_sm_rsppairing.obj (.text.smResponderAuthStageTwo)
                  0001d490    0000005a     StackWrapper.a : StackWrapper_Host_gapbondmgr.obj (.text.GapBondMgr_GetPrevAuth)
                  0001d4ea    0000005a     OneLib.a : OneLib_Host_GAP_gap_devmgr.obj (.text.gapFindADType)
                  0001d544    0000005a              : OneLib_LL_ll_common.obj (.text.llValidateConnectIndPkt)
                  0001d59e    00000002     rom_init.c.obj (.text.MAP_llClearPeriodicScanSets)
                  0001d5a0    00000058     drivers_cc23x0r5.a : AESECBLPF3.c.obj (.text.AESECBLPF3_processData)
                  0001d5f8    00000058     bleapputil_init.c.obj (.text.BLEAppUtil_init)
                  0001d650    00000058     drivers_cc23x0r5.a : Button.c.obj (.text.Button_gpioCallbackFxn)
                  0001d6a8    00000058     app_dev_info.c.obj (.text.DevInfo_start)
                  0001d700    00000058     icall_POSIX.c.obj (.text.ICall_fetchMsg)
                  0001d758    00000058     icall_POSIX.c.obj (.text.ICall_workerThreadSendMsg)
                  0001d7b0    00000058     OneLib.a : OneLib_LL_ll_enc.obj (.text.LL_ENC_DecryptMsg)
                  0001d808    00000058              : OneLib_LL_ll.obj (.text.LL_GenerateDHKeyCmd)
                  0001d860    00000058              : OneLib_HCI_hci_event_raw.obj (.text.LL_ReadRemoteUsedFeaturesCompleteCback)
                  0001d8b8    00000058     menu_module.c.obj (.text.MenuModule_displayItem)
                  0001d910    00000058     drivers_cc23x0r5.a : PowerCC23X0.c.obj (.text.Power_releaseDependency)
                  0001d968    00000058                        : PowerCC23X0.c.obj (.text.Power_setDependency)
                  0001d9c0    00000058     libclang_rt.builtins.a : clzsi2.c.obj (.text.__clzsi2)
                  0001da18    00000058     StackWrapper.a : StackWrapper_Host_gapbondmgr.obj (.text.gapBondMgrChangeState)
                  0001da70    00000058     OneLib.a : OneLib_LL_ll_common.obj (.text.llAllocatePDU)
                  0001dac8    00000058              : OneLib_LL_ll_scheduler.obj (.text.llSetTaskAdv)
                  0001db20    00000058              : OneLib_LL_ll_common.obj (.text.llShellSortActiveConns)
                  0001db78    00000058              : OneLib_LL_ll_common.obj (.text.llTime2Octets)
                  0001dbd0    00000058              : OneLib_LL_ll_ecc.obj (.text.ll_eccInit)
                  0001dc28    00000058     StackWrapper.a : StackWrapper_OSAL_osal_cbtimer.obj (.text.osal_CbTimerStop)
                  0001dc80    00000058     ti_freertos_config.c.obj (.text.pthread_exit)
                  0001dcd8    00000058     OneLib.a : OneLib_Host_SM_sm_pairing.obj (.text.smDetermineIOCaps)
                  0001dd30    00000058              : OneLib_Host_SM_sm_pairing.obj (.text.smSendPublicKeys)
                  0001dd88    00000058     ti_freertos_config.c.obj (.text.vTaskStartScheduler)
                  0001dde0    00000058     ti_freertos_config.c.obj (.text.xQueueGenericCreate)
                  0001de38    00000056     libclang_rt.builtins.a : aeabi_idivmod.S.obj (.text.__aeabi_idivmod)
                  0001de8e    00000056     OneLib.a : OneLib_Host_GATT_gatt_client.obj (.text.gattFindByTypeValue)
                  0001dee4    00000056              : OneLib_Host_GATT_gatt_server.obj (.text.gattProcessReadMultiReq)
                  0001df3a    00000056              : OneLib_LL_ll_common.obj (.text.llBuildCtrlPktPeri)
                  0001df90    00000054     ti_drivers_config.c.obj (.text.Board_shutDownExtFlash)
                  0001dfe4    00000054     display_cc23x0r5.a : Display.c.obj (.text.Display_doOpen)
                  0001e038    00000054     OneLib.a : OneLib_Host_GAP_gap_perilinkmgr.obj (.text.GAP_SendPeripheralSecurityRequest)
                  0001e08c    00000054     icall_POSIX.c.obj (.text.ICall_registerApp)
                  0001e0e0    00000054     OneLib.a : OneLib_LL_ll_enc.obj (.text.LL_ENC_AES128_Encrypt)
                  0001e134    00000054              : OneLib_HCI_hci_event.obj (.text.LL_GenerateDHKeyCompleteEventCback)
                  0001e188    00000054              : OneLib_LL_ll_privacy.obj (.text.LL_PRIV_ClearExtAL)
                  0001e1dc    00000054              : OneLib_LL_ll_privacy.obj (.text.LL_PRIV_GenerateRPA)
                  0001e230    00000054     rcl_cc23x0r5.a : LRFCC23X0.c.obj (.text.LRF_readRxFifoWords)
                  0001e284    00000054     rom_init.c.obj (.text.MAP_llInitFeatureSet)
                  0001e2d8    00000054     menu_module.c.obj (.text.MenuModule_initButtons)
                  0001e32c    00000054     rcl_cc23x0r5.a : RCL.c.obj (.text.RCL_Command_pend)
                  0001e380    00000054                    : RCL_Scheduler.c.obj (.text.RCL_Scheduler_setStartStopTimeEarliestStart)
                  0001e3d4    00000054     drivers_cc23x0r5.a : UART2.c.obj (.text.UART2_readCancel)
                  0001e428    00000054     OneLib.a : OneLib_Host_GAP_gap_linkmgr.obj (.text.gapPasskeyNeededCB)
                  0001e47c    00000054              : OneLib_Host_GATT_gatt_task.obj (.text.gattNotifyEvent)
                  0001e4d0    00000054     rcl_cc23x0r5.a : hal_cc23x0.c.obj (.text.hal_check_clear_timer_compare)
                  0001e524    00000054     OneLib.a : OneLib_Host_L2CAP_l2cap_util.obj (.text.l2capSendFCPkt)
                  0001e578    00000054              : OneLib_LL_ll_common.obj (.text.llGetNextDataChanAlgo1)
                  0001e5cc    00000054              : OneLib_LL_ll_scheduler.obj (.text.llLinkSchedSetup)
                  0001e620    00000054              : OneLib_LL_ll_ae.obj (.text.llNextChanIndex)
                  0001e674    00000054              : OneLib_LL_ll_common.obj (.text.llSetCodedMaxTxTime)
                  0001e6c8    00000054              : OneLib_LL_ll_common.obj (.text.llSetNextDataChan)
                  0001e71c    00000054              : OneLib_LL_ll_common.obj (.text.llVerifyCodedConnInterval)
                  0001e770    00000054     StackWrapper.a : StackWrapper_OSAL_osal_clock.obj (.text.osalAdjustTimer)
                  0001e7c4    00000054                    : StackWrapper_OSAL_osal_bufmgr.obj (.text.osal_bm_alloc)
                  0001e818    00000054     rcl_cc23x0r5.a : RCL.c.obj (.text.rclPowerNotify)
                  0001e86c    00000054     OneLib.a : OneLib_Host_SM_sm_rsppairing.obj (.text.smpResponderProcessIdentityAddrInfo)
                  0001e8c0    00000052     StackWrapper.a : StackWrapper_Host_gap.obj (.text.GAP_DeviceInit_per_role)
                  0001e912    00000052     OneLib.a : OneLib_Host_GATT_gatt_client.obj (.text.gattPrepareWriteReq)
                  0001e964    00000052              : OneLib_LL_ble.obj (.text.llMoveTempTxDataEntries)
                  0001e9b6    00000052              : OneLib_Host_SMP_smp.obj (.text.smSendSMMsg)
                  0001ea08    00000050     drivers_cc23x0r5.a : AESCCMLPF3.c.obj (.text.AESCCMLPF3_processB1withAAD)
                  0001ea58    00000050                        : AESCTRLPF3.c.obj (.text.AESCTRLPF3_configDataDMA)
                  0001eaa8    00000050     bleapputil_process.c.obj (.text.BLEAppUtil_convertGATTEvents)
                  0001eaf8    00000050     bleapputil_stack_callbacks.c.obj (.text.BLEAppUtil_passcodeCB)
                  0001eb48    00000050     ti_drivers_config.c.obj (.text.Board_sendExtFlashByte)
                  0001eb98    00000050     drivers_cc23x0r5.a : ECCInitLPF3SW.c.obj (.text.ECCInitLPF3SW_NISTP256)
                  0001ebe8    00000050     OneLib.a : OneLib_Host_GAP_gap_linkmgr.obj (.text.GAP_Signable)
                  0001ec38    00000050              : OneLib_Host_GAP_gap_advertiser.obj (.text.GapAdv_setEventMask)
                  0001ec88    00000050     StackWrapper.a : StackWrapper_Host_gapbondmgr.obj (.text.GapBondMgr_StartEnc)
                  0001ecd8    00000050     OneLib.a : OneLib_HCI_hci_event.obj (.text.HCI_CommandStatusEvent)
                  0001ed28    00000050              : OneLib_HCI_hci_event_raw.obj (.text.HCI_SendEventToHost)
                  0001ed78    00000050     drivers_cc23x0r5.a : RNGLPF3RF.c.obj (.text.RNG_construct)
                  0001edc8    00000050                        : UDMALPF3.c.obj (.text.UDMALPF3_init)
                  0001ee18    00000050     StackWrapper.a : StackWrapper_Host_gapbondmgr.obj (.text.gapBondMgrReadBonds)
                  0001ee68    00000050                    : StackWrapper_Host_gapbondmgr.obj (.text.gapBondMgr_SupportsCentAddrRes)
                  0001eeb8    00000050     OneLib.a : OneLib_Host_GAP_gap_perilinkmgr.obj (.text.gapPeriProcessConnEvt)
                  0001ef08    00000050              : OneLib_Host_GAP_gap_perilinkmgr.obj (.text.gap_PeriConnRegister)
                  0001ef58    00000050              : OneLib_Host_L2CAP_l2cap_util.obj (.text.l2capAllocConnChannel)
                  0001efa8    00000050              : OneLib_LL_ll_ae.obj (.text.llSendAdvSetEndEvent)
                  0001eff8    00000050              : OneLib_Host_SM_sm_pairing.obj (.text.smProcessPairingReq)
                  0001f048    00000050              : OneLib_Host_SM_sm_mgr.obj (.text.sm_s1)
                  0001f098    00000050     ti_freertos_config.c.obj (.text.xTaskCreateStatic)
                  0001f0e8    0000004e     OneLib.a : OneLib_Host_ATT_att_util.obj (.text.ATT_CompareUUID)
                  0001f136    0000004e     ti_freertos_config.c.obj (.text.realloc)
                  0001f184    0000004c     drivers_cc23x0r5.a : AESCommonLPF3.c.obj (.text.AESCommonLPF3_cleanup)
                  0001f1d0    0000004c     bleapputil_process.c.obj (.text.BLEAppUtil_convertHCIGAPEvents)
                  0001f21c    0000004c     OneLib.a : OneLib_Host_GAP_gap_linkmgr.obj (.text.GAP_PasscodeUpdate)
                  0001f268    0000004c              : OneLib_Host_GAP_gap_linkmgr.obj (.text.GAP_TerminateLinkReq)
                  0001f2b4    0000004c              : OneLib_Host_Profiles_gattservapp.obj (.text.GATTServApp_AddService)
                  0001f300    0000004c     StackWrapper.a : StackWrapper_Host_gattservapp_util.obj (.text.GATTServApp_ProcessCCCWriteReq)
                  0001f34c    0000004c     OneLib.a : OneLib_Host_Profiles_gattservapp.obj (.text.GATTServApp_SendCCCUpdatedEvent)
                  0001f398    0000004c              : OneLib_Host_GATT_gatt_task.obj (.text.GATT_UpdateMTU)
                  0001f3e4    0000004c              : OneLib_HCI_hci_event.obj (.text.HCI_HardwareErrorEvent)
                  0001f430    0000004c              : OneLib_HCI_hci_event_raw.obj (.text.HCI_InitEventMasks)
                  0001f47c    0000004c              : OneLib_HCI_hci_event.obj (.text.HCI_NumOfCompletedPacketsEvent)
                  0001f4c8    0000004c     driverlib.a : interrupt.c.obj (.text.IntSetPend)
                  0001f514    0000004c     OneLib.a : OneLib_LL_ll.obj (.text.LL_ClearResolvingList)
                  0001f560    0000004c              : OneLib_LL_ll.obj (.text.LL_EncLtkReply)
                  0001f5ac    0000004c     driverlib.a : lrfd.c.obj (.text.LRFDApplyClockDependencies)
                  0001f5f8    0000004c     rcl_cc23x0r5.a : LRFCC23X0.c.obj (.text.LRF_programTemperatureCompensatedTxPower)
                  0001f644    0000004c                    : LRFCC23X0.c.obj (.text.LRF_writeTxFifoWords)
                  0001f690    0000004c     ti_freertos_config.c.obj (.text.MessageQueueP_pend)
                  0001f6dc    0000004c     ti_freertos_config.c.obj (.text.MessageQueueP_post)
                  0001f728    0000004c     rcl_cc23x0r5.a : ble5.c.obj (.text.RCL_Handler_BLE5_initAdvScanInitStats)
                  0001f774    0000004c                    : RCL.c.obj (.text.RCL_open)
                  0001f7c0    0000004c     OneLib.a : OneLib_LL_ll_common.obj (.text.RfBleDpl_setConnPhy)
                  0001f80c    0000004c              : OneLib_LL_ll_common.obj (.text.RfBleDpl_setTxPower)
                  0001f858    0000004c     ti_freertos_config.c.obj (.text.SemaphoreP_construct)
                  0001f8a4    0000004c     simple_gatt_profile.c.obj (.text.SimpleGattProfile_getParameter)
                  0001f8f0    0000004c     ti_freertos_config.c.obj (.text.__aeabi_errno_addr)
                  0001f93c    0000004c     OneLib.a : OneLib_Host_GAP_gap_configmgr.obj (.text.gapReadBufSizeCmdStatus)
                  0001f988    0000004c              : OneLib_Host_Profiles_gattservapp.obj (.text.gattServApp_ClearPrepareWriteQ)
                  0001f9d4    0000004c              : OneLib_LL_ll_common.obj (.text.llGenPrnE)
                  0001fa20    0000004c              : OneLib_LL_ll_common.obj (.text.llInitFeatureSet)
                  0001fa6c    0000004c              : OneLib_LL_ll_common.obj (.text.llProcessChanMap)
                  0001fab8    0000004c              : OneLib_LL_ll_ae.obj (.text.llRemoveAdvSortedEntry)
                  0001fb04    0000004c              : OneLib_LL_ll_scheduler.obj (.text.llSchedulerInit)
                  0001fb50    0000004c              : OneLib_LL_ll_scheduler.obj (.text.llSelectTaskAdv)
                  0001fb9c    0000004c              : OneLib_LL_ll_common.obj (.text.llSetStarvationMode)
                  0001fbe8    0000004c     ti_freertos_config.c.obj (.text.removeThreadKeys)
                  0001fc34    0000004c     OneLib.a : OneLib_Host_SM_sm_pairing.obj (.text.smGenerateAddrInput_sPatch)
                  0001fc80    0000004c              : OneLib_Host_SM_sm_pairing.obj (.text.sm_computeDHKey)
                  0001fccc    0000004c     ti_freertos_config.c.obj (.text.xTaskCheckForTimeOut)
                  0001fd18    0000004a     rcl_cc23x0r5.a : LRF.c.obj (.text.LRF_loadImage)
                  0001fd62    00000002     rom_init.c.obj (.text.MAP_llCsClearConnProcedures)
                  0001fd64    0000004a     libclang_rt.builtins.a : fixdfsi.S.obj (.text.__fixdfsi)
                  0001fdae    0000004a     ti_freertos_config.c.obj (.text.calloc)
                  0001fdf8    0000004a     OneLib.a : OneLib_Host_GAP_linkdb.obj (.text.linkDB_GetInfo)
                  0001fe42    0000004a              : OneLib_LL_ll_common.obj (.text.llGetNextDataChanAlgo2)
                  0001fe8c    0000004a     ecc.a : lowlevelapi.c.obj (.text.zADD32)
                  0001fed6    00000002     rom_init.c.obj (.text.MAP_llCsFreeAll)
                  0001fed8    00000048     drivers_cc23x0r5.a : AESCCMLPF3.c.obj (.text.AESCCMLPF3_processCTRCounterBlock)
                  0001ff20    00000048                        : AESCCMLPF3.c.obj (.text.AESCCMLPF3_processOneStepCTRPolling)
                  0001ff68    00000048     bleapputil_process.c.obj (.text.BLEAppUtil_callEventHandler)
                  0001ffb0    00000048     bleapputil_init.c.obj (.text.BLEAppUtil_invokeFunction)
                  0001fff8    00000048     bleapputil_process.c.obj (.text.BLEAppUtil_processStackEvents)
                  00020040    00000048     bleapputil_stack_callbacks.c.obj (.text.BLEAppUtil_processStackMsgCB)
                  00020088    00000048     ti_freertos_config.c.obj (.text.ClockP_construct)
                  000200d0    00000048     OneLib.a : OneLib_Host_Profiles_gattservapp.obj (.text.GATTServApp_SendServiceChangedInd)
                  00020118    00000048     icall_POSIX.c.obj (.text.ICall_newTask)
                  00020160    00000048     icall_POSIX.c.obj (.text.ICall_wait)
                  000201a8    00000048     OneLib.a : OneLib_LL_ll_ae.obj (.text.LL_AE_Init)
                  000201f0    00000048              : OneLib_HCI_hci_event.obj (.text.LL_ConnParamUpdateCback)
                  00020238    00000048              : OneLib_HCI_hci_event.obj (.text.LL_ConnParamUpdateRejectCback)
                  00020280    00000048              : OneLib_HCI_hci_event.obj (.text.LL_DataLengthChangeEventCback)
                  000202c8    00000048              : OneLib_HCI_hci_event.obj (.text.LL_EncLtkReqCback)
                  00020310    00000048              : OneLib_LL_ll.obj (.text.LL_RemoteConnParamReqNegReply)
                  00020358    00000048              : OneLib_LL_ll.obj (.text.LL_SetResolvablePrivateAddressTimeout)
                  000203a0    00000048              : OneLib_LL_ll_isr.obj (.text.LL_rclAdvCallback)
                  000203e8    00000048              : OneLib_LL_ll_isr.obj (.text.LL_rclPeripheralCallback)
                  00020430    00000048     rcl_cc23x0r5.a : LRFCC23X0.c.obj (.text.LRF_setTemperatureTrim)
                  00020478    00000048     nvocmp.c.obj (.text.NVOCMP_loadApiPtrsMin)
                  000204c0    00000048     nvocmp.c.obj (.text.NVOCMP_readItem)
                  00020508    00000048     drivers_cc23x0r5.a : NVS.c.obj (.text.NVS_open)
                  00020550    00000048                        : PowerCC23X0.c.obj (.text.PowerCC23X0_hfxtAmpsettledTimeout)
                  00020598    00000048                        : PowerCC23X0.c.obj (.text.PowerLPF3_getHfxtAmpAdjustment)
                  000205e0    00000048     rcl_cc23x0r5.a : RCL.c.obj (.text.RCL_Command_submit)
                  00020628    00000048                    : ble5.c.obj (.text.RCL_Handler_BLE5_findPbeErrorEndStatus)
                  00020670    00000048     drivers_cc23x0r5.a : Random.c.obj (.text.Random_seedAutomatic)
                  000206b8    00000048                        : RingBuf.c.obj (.text.RingBuf_put)
                  00020700    00000048                        : TemperatureLPF3.c.obj (.text.degreesToCode)
                  00020748    00000048     StackWrapper.a : StackWrapper_Host_gapbondmgr.obj (.text.gapBondStateStartNextGATTDisc)
                  00020790    00000048     OneLib.a : OneLib_Host_GAP_gap_linkmgr.obj (.text.gapFreeAuthLink)
                  000207d8    00000048              : OneLib_Host_GATT_gatt_server.obj (.text.gattProcessReadByGrpTypeReq)
                  00020820    00000048              : OneLib_HCI_hci_event_raw.obj (.text.hciAllocAndPrepHciEvtPkt)
                  00020868    00000048              : OneLib_Host_L2CAP_l2cap_util.obj (.text.l2capNotifySignal)
                  000208b0    00000048              : OneLib_Host_L2CAP_l2cap_util.obj (.text.l2capSendPkt)
                  000208f8    00000048              : OneLib_LL_ll_common.obj (.text.llCalcConnMissCount)
                  00020940    00000048              : OneLib_LL_ll_common.obj (.text.llSetPhy)
                  00020988    00000048     ti_freertos_config.c.obj (.text.mq_receive)
                  000209d0    00000048     StackWrapper.a : StackWrapper_OSAL_osal.obj (.text.osal_msg_extract)
                  00020a18    00000048     ti_freertos_config.c.obj (.text.pthread_mutex_unlock)
                  00020a60    00000048     OneLib.a : OneLib_Host_GAP_gap_linkmgr.obj (.text.sendTerminateEvent)
                  00020aa8    00000048              : OneLib_Host_SM_sm_rsppairing.obj (.text.smpResponderProcessSigningInfo)
                  00020af0    00000048     ti_freertos_config.c.obj (.text.xTimerCreateTimerTask)
                  00020b38    00000046     OneLib.a : OneLib_LL_ll_privacy.obj (.text.LL_PRIV_ClearAllPrivIgn)
                  00020b7e    00000046              : OneLib_LL_ll_privacy.obj (.text.LL_PRIV_RemoveInvalidPeerId)
                  00020bc4    00000046              : OneLib_HCI_hci_event_raw.obj (.text.LL_ReadRemoteVersionInfoCback)
                  00020c0a    00000002     rom_init.c.obj (.text.MAP_llCsSetFeatureBit)
                  00020c0c    00000044     drivers_cc23x0r5.a : AESCMACLPF3.c.obj (.text.AESCMACLPF3_generateSubKey)
                  00020c50    00000044                        : AESCMACLPF3.c.obj (.text.AESCMACLPF3_processBlocks)
                  00020c94    00000044     bleapputil_task.c.obj (.text.BLEAppUtil_convertBdAddr2Str)
                  00020cd8    00000044     bleapputil_init.c.obj (.text.BLEAppUtil_registerEventHandler)
                  00020d1c    00000044     drivers_cc23x0r5.a : ECCInitLPF3SW.c.obj (.text.ECCInitLPF3SW_Curve25519)
                  00020d60    00000044     OneLib.a : OneLib_Host_GATT_gatt_server.obj (.text.GATT_FindHandle)
                  00020da4    00000044     drivers_cc23x0r5.a : GPIOLPF3.c.obj (.text.GPIO_setInterruptConfig)
                  00020de8    00000044     OneLib.a : OneLib_Host_GAP_gap_advertiser.obj (.text.GapAdv_disable)
                  00020e2c    00000044              : OneLib_HCI_TL_hci_tl.obj (.text.HCI_Init)
                  00020e70    00000044              : OneLib_HCI_TL_hci_tl.obj (.text.HCI_ProcessEvent)
                  00020eb4    00000044              : OneLib_LL_ll_dfl.obj (.text.LL_DFL_FindEntry)
                  00020ef8    00000044              : OneLib_LL_ll_dfl.obj (.text.LL_DFL_Init)
                  00020f3c    00000044              : OneLib_LL_ll_dfl.obj (.text.LL_DFL_RemoveEntry)
                  00020f80    00000044              : OneLib_LL_ll_enc.obj (.text.LL_ENC_EncryptMsg)
                  00020fc4    00000044              : OneLib_LL_ll_privacy.obj (.text.LL_PRIV_ResolveRPA)
                  00021008    00000044              : OneLib_LL_ll_privacy.obj (.text.LL_PRIV_SetupPrivacy)
                  0002104c    00000044     app_peripheral.c.obj (.text.Peripheral_GAPConnEventHandler)
                  00021090    00000044     app_peripheral.c.obj (.text.Peripheral_start)
                  000210d4    00000044     rcl_cc23x0r5.a : RCL_Buffer.c.obj (.text.RCL_MultiBuffer_ListInfo_init)
                  00021118    00000044                    : RCL_Buffer.c.obj (.text.RCL_MultiBuffer_getBuffer)
                  0002115c    00000044                    : RCL_Scheduler.c.obj (.text.RCL_Scheduler_postEvent)
                  000211a0    00000044     drivers_cc23x0r5.a : UART2LPF3.c.obj (.text.UART2LPF3_initIO)
                  000211e4    00000044     OneLib.a : OneLib_Host_L2CAP_l2cap_util.obj (.text.l2capParseCmdReject)
                  00021228    00000044              : OneLib_Host_GAP_linkdb.obj (.text.linkDB_Find)
                  0002126c    00000044              : OneLib_LL_ll_common.obj (.text.llAtLeastTwoChans)
                  000212b0    00000044              : OneLib_LL_ll_common.obj (.text.llPostSetupCtrlPktPeri)
                  000212f4    00000044     StackWrapper.a : StackWrapper_OSAL_osal_timers.obj (.text.osalAddTimer)
                  00021338    00000044                    : StackWrapper_OSAL_osal_timers.obj (.text.osal_start_timerEx)
                  0002137c    00000044     ti_freertos_config.c.obj (.text.prvInsertBlockIntoFreeList)
                  000213c0    00000044     ti_freertos_config.c.obj (.text.prvSampleTimeNow)
                  00021404    00000044     ti_freertos_config.c.obj (.text.pthread_mutex_init)
                  00021448    00000044     drivers_cc23x0r5.a : TemperatureLPF3.c.obj (.text.setNextThresholds)
                  0002148c    00000044     OneLib.a : OneLib_Host_SM_sm_rsppairing.obj (.text.smpResponderProcessEncryptionInformation)
                  000214d0    00000044              : OneLib_Host_SM_sm_rsppairing.obj (.text.smpResponderProcessPairingReq)
                  00021514    00000044     ti_freertos_config.c.obj (.text.vPortFree)
                  00021558    00000044     ti_freertos_config.c.obj (.text.vQueueWaitForMessageRestricted)
                  0002159c    00000004     OneLib.a : OneLib_Host_ATT_att_util.obj (.text.ATT_BuildReadBlobRsp)
                  000215a0    00000044     ti_freertos_portable_config.c.obj (.text.xPortPendSVHandler)
                  000215e4    00000044     ecc.a : lowlevelapi.c.obj (.text.zADD)
[...]
2000b770  CryptoResourceLPF3_operationSemaphore               
2000b7c0  ButtonObjects                                       
2000b84c  aeCBackTbl                                          
2000b890  localEccKeys                                        
2000b8d2  buildInfo                                           
2000b8d4  extInitCmd                                          
2000b914  extScanCmd                                          
2000b950  extScanParam                                        
2000b98c  nvFptrs                                             
2000b9c8  llPeriodicScan                                      
2000ba00  l2capFixedChannels                                  
2000ba30  linkCBs                                             
2000ba60  AESECBLPF3_objects                                  
2000ba8c  mutex                                               
2000bab8  rclSchedulerState                                   
2000bb08  operationCCM                                        
2000bb6c  RNG_instancePool                                    
2000bb8c  gapBond_localOobData                                
2000bbac  localPrivKeyMaterial                                
2000bc04  CryptoResourceLPF3_hwi                              
2000bc20  clockHwi                                            
2000bc3c  gapParams                                           
2000bc58  llPeriodicAdv                                       
2000bc74  workerThreadEntity                                  
2000bc90  connOutput                                          
2000bcd0  operationComputeSharedSecret                        
2000bce4  remoteTaskParams                                    
2000bcf8  sysTimerTimeouts                                    
2000bd0c  gLtkReqDetails                                      
2000bd1e  deviceFeatureSet                                    
2000bd30  cryptoKey                                           
2000bd40  eccParams                                           
2000bd50  encParamsCCM                                        
2000bd60  encParamsECB                                        
2000bd70  llTaskList                                          
2000bd80  localPrivateKey                                     
2000bd90  localPublicKey                                      
2000bda0  operationECB                                        
2000bdb0  operationGeneratePublicKey                          
2000bdc0  rankFLTable                                         
2000bdd0  rclState                                            
2000bde0  remotePublicKey                                     
2000bdf0  sharedSecret                                        
2000be0f  LL_TaskID                                           
2000be28  displayUart2Object                                  
2000be34  swParamList                                         
2000be58  BLEAppUtil_theardEntity                             
2000be60  POSIX_args                                          
2000be68  RNGLPF3RF_objects                                   
2000be70  gParamUpdateReq                                     
2000be78  llConnEvtNotice                                     
2000be80  llConns                                             
2000be88  privInfo                                            
2000be90  gapCurrentRandomAddr                                
2000be96  connInitialMaxTxOctets                              
2000be98  ownPublicAddr                                       
2000be9e  connInitialMaxTxTime                                
2000bea0  ownRandomAddr                                       
2000bea6  connInitialMaxTxTimeCoded                           
2000bea8  ownSavedPublicAddr                                  
2000beae  verInfo                                             
2000beb9  defaultChannelMap                                   
2000bebe  secondaryAdvChannelMap                              
2000bec3  NVOCMP_size                                         
2000bee0  BDAddrPerConnHandle                                 
2000bee4  RemoteTask                                          
2000bee8  SysBootMsg                                          
2000beec  activeConns                                         
2000bef0  alTable                                             
2000bef4  alTableScan                                         
2000bef8  appInitDoneHandler                                  
2000befc  dtmInfo                                             
2000bf00  ecdhHandle                                          
2000bf04  encHandleCCM                                        
2000bf08  encHandleECB                                        
2000bf0c  errorHandlerCb                                      
2000bf10  extStackSettings                                    
2000bf14  handle_left                                         
2000bf18  handle_right                                        
2000bf1c  l2capChannels                                       
2000bf20  l2capPsm                                            
2000bf24  linkDB                                              
2000bf28  operationResult                                     
2000bf2c  osal_last_timestamp                                 
2000bf30  osal_max_msecs                                      
2000bf34  osal_qHead                                          
2000bf38  osal_syncHandle                                     
2000bf3c  osal_tickperiod                                     
2000bf40  pNextAdvSet                                         
2000bf44  pRfPathComp                                         
2000bf48  resolvingList                                       
2000bf4c  rfHandle                                            
2000bf50  rngHandle                                           
2000bf54  taskEndAction                                       
2000bf58  tasksEvents                                         
2000bf5c  timerHead                                           
2000bf60  connInitialMaxTxTimeUncoded                         
2000bf62  maximumPduSize                                      
2000bf64  pwrmgr_attribute                                    
2000bf66  supportedMaxRxOctets                                
2000bf68  supportedMaxRxTime                                  
2000bf6a  supportedMaxTxOctets                                
2000bf6c  supportedMaxTxTime                                  
2000bf6e  NVSLPF3_objects                                     
2000bf6f  adcNoiseHandlerState                                
2000bf70  aeCurAdvEnableHandle                                
2000bf71  aeCurConnHandle                                     
2000bf72  aeCurHandle                                         
2000bf73  alSize                                              
2000bf74  curTxPowerVal                                       
2000bf75  defaultPhy                                          
2000bf76  extALSize                                           
2000bf77  extInitIndex                                        
2000bf78  extScanIndex                                        
2000bf79  fastTxRespTime                                      
2000bf7a  gAction                                             
2000bf7b  gapDeviceAddrMode                                   
2000bf7c  gapTaskID                                           
2000bf7d  gattNumConns                                        
2000bf7e  gattTaskID                                          
2000bf7f  hciGapTaskID                                        
2000bf80  hciL2capTaskID                                      
2000bf81  hciSmpTaskID                                        
2000bf82  hciTaskID                                           
2000bf83  hciTestTaskID                                       
2000bf84  hciVsEvtMask                                        
2000bf85  icall_liteTaskId                                    
2000bf86  l2capNumChannels                                    
2000bf87  l2capTaskID                                         
2000bf88  l2cap_gattServAppTaskID                             
2000bf89  linkDBNumConns                                      
2000bf8a  llState                                             
2000bf8b  maxNumConns                                         
2000bf8c  maxNumTxDataBufs                                    
2000bf8d  maxTxPwrForDTM                                      
2000bf8e  numActiveAdvSets                                    
2000bf8f  numComplPkts                                        
2000bf90  numComplPktsFlush                                   
2000bf91  numComplPktsLimit                                   
2000bf92  numTxDataBufs                                       
2000bf93  onePktPerEvt                                        
2000bf94  osal_entity                                         
2000bf95  peripheralAdvHandle_1                               
2000bf96  rlSize                                              
2000bf97  rxFifoFlowCtrl                                      
2000bf98  secondaryAdvChannelMapPopCount                      
2000bf99  slOverride                                          
2000bf9a  smGenerateDHKeyStatus                               
2000bf9b  smReadLocalP256PublicKeyStatus                      
2000bf9c  smTaskID                                            
2000c1e0  gapAttrTbl                                          
2000c412  smExpectAppKeysInd                                  
2000c413  SM_appTaskID                                        
2000c5ac  HwiP_swiPIntNum                                     
2000c5c8  gpioPinConfigs                                      
2000c630  gapBond_removeLRUBond                               
2000c631  gapBond_syncRL                                      
2000c64c  gapBondStateNodeHead                                
2000c650  gapBond_lruBondList                                 
2000c660  clientCbs                                           
2000c674  gapBond_remoteOobData                               
2000c844  llUserConfig                                        
2000c884  sm_eccKeys_sc_host_debug                            
2000c8c4  ctrlToHostEnable                                    
2000c8c6  numHostBufs                                         
2000c8c8  centAddrRes                                         
2000c8c9  resolvablePrivateAddressOnly                        
2000c8ca  appearance                                          
2000c8d0  periConnParameters                                  
2000c8d8  deviceName                                          
2000c94e  gapAppTaskID                                        
2000c94f  gapEndAppTaskID                                     
2000c950  linkParam                                           
2000c954  rxDataQ                                             
2000c978  appMainPeriCentParams                               
2000c980  appMainParams                                       
2000c9a4  dispHandle                                          
2000c9c8  eccParams_NISTP256                                  
2000c9ec  gapProfileRole                                      
2000c9ed  gapConfig_IRK                                       
2000c9fd  gapConfig_SRK                                       
2000ca10  enckey                                              
2000ca30  attDeviceName                                       
2000ca50  gapParameters                                       
2000ca6e  baseTaskID                                          
2000ca70  rclTemperatureThreshold                             
2000ca8c  advParams1                                          
2000caa8  scanResData1                                        
2000cac4  hciEvtMaskLe                                        
2000cacc  hciEvtMaskPage1                                     
2000cad4  hciEvtMaskPage2                                     
2000cadc  connectionConnHandler                               
2000cae8  connectionHciGAPHandler                             
2000caf4  pairingPasscodeHandler                              
2000cb00  PairingPairStateHandler                             
2000cb0c  peripheralConnHandler                               
2000cb18  peripheralAdvHandler                                
2000cb24  maxSupportedAdvSets                                 
2000cb25  aePeripheralSCA                                     
2000cb26  extScanPriority                                     
2000cb28  extScanNumMissed                                    
2000cb2c  advSetList                                          
2000cb30  extScanInfo                                         
2000cb34  extInitInfo                                         
2000cb38  DisplayUart2Ansi_escInitial                         
2000cbb4  osal_eventloop_hook                                 
2000cbb8  osal_icallMsg_hook                                  
2000cbc0  BLEAppUtilLocal_GeneralParams                       
2000cbc4  BLEAppUtilLocal_PeriCentParams                      
2000cbc8  BLEAppUtil_bondMgrCBs                               
2000cbe0  rclHandles                                          
2000cbff  gapBondParams                                       
2000cc0e  bleUserCfg_maxPduSize                               
2000cc1e  disconnectImmedConnId                               
2000cc20  pPairingParams                                      
2000cc24  pfnResponderCBs                                     
2000cc28  pfnInitiatorCBs                                     
2000cc38  halSchedFsmCb                                       
2000cc3c  halDispatchFsmCb                                    
2000cc40  halCommandFsmCb                                     
2000cc44  bleAppServiceInfoTable                              
2000cc50  dataGATTHandler                                     
2000cc5c  hciEvtMask                                          
2000cc68  user0Cfg                                            
2000cc7d  appTaskID                                           
2000cc7e  l2capMtuSize                                        
2000cc90  terminateReason                                     
2000cc92  gParamUpdateConnHandle                              
2000cc94  pAuthLink                                           
2000ccb0  assertSubcause                                      
2000ccb1  legacyMode                                          
2000ccb4  halAssertCback                                      
2000ccb8  bm_preReleaseBuffCB                                 
2000ccc0  OSAL_timeSeconds                                    
2000ccc8  fXtalInv                                            
2000ccd0  l2capNumDataPkts                                    
2000ccd1  flowCtrlTaskId                                      
2000ccd2  flowCtrlFwdTaskId                                   
2000ccd3  l2capNumPSM                                         
2000ccd4  l2capNumCoChannels                                  
2000ccd5  l2capUserConfig                                     
2000ccd7  advData1                                            
2000ccde  pRandomAddress                                      
2000cce4  DisplayUart2Ansi_escClearScreen                     
2000cce9  appearanceCharProps                                 
2000ccf0  BLEAppUtilEventHandlersHead                         
2000ccf4  ICall_dispatcher                                    
2000ccf8  ICall_enterCriticalSection                          
2000ccfc  ICall_leaveCriticalSection                          
2000cd00  RNGLPF3RF_noiseConditioningKeyWord0                 
2000cd04  RNGLPF3RF_noiseConditioningKeyWord1                 
2000cd08  RNGLPF3RF_noiseConditioningKeyWord2                 
2000cd0c  RNGLPF3RF_noiseConditioningKeyWord3                 
2000cd10  appAssertCback                                      
2000cd14  attClientNotifyTxCB                                 
2000cd18  attServerNotifyTxCB                                 
2000cd20  ggs_AppCBs                                          
2000cd24  linkCmd                                             
2000cd28  pAdvDataEntry                                       
2000cd2c  pGapPeripheralConnCBs                               
2000cd34  pRXWindowTask                                       
2000cd38  pSmResponderCBs                                     
2000cd3c  pfnBMAlloc                                          
2000cd40  pfnBMFree                                           
2000cd44  pfnBondMgrCBs                                       
2000cd48  pfnCentralConnCBs                                   
2000cd4c  pfnPeripheralConnCBs                                
2000cd50  pxCurrentTCB                                        
2000cd5c  txDataQ                                             
2000cd64  llUserConfig_maxPduSize                             
2000cd66  maxExtAdvDataLen                                    
2000cd68  smRspWaitingConnHandle                              
2000cd6a  att_sendRspOnly                                     
2000cd6b  centAddrResCharProps                                
2000cd6c  channel2usage                                       
2000cd6d  defaultTxPowerDbm                                   
2000cd77  deviceNameCharProps                                 
2000cd78  extScanChanMap                                      
2000cd79  gapState                                            
2000cd7a  gapUnwantedTaskID                                   
2000cd7c  hciPTMenabled                                       
2000cd84  l2capFlowCtrlMode                                   
2000cd85  l2capId                                             
2000cd86  linkDB_secureConnectionOnlyMode                     
2000cd87  llUnhandleNextIntFlag                               
2000cd88  periConnParamCharProps                              
2000cd89  pwrmgr_initialized                                  
2000cd8a  qosDefaultPriorityAdvParameter                      
2000cd8b  qosDefaultPriorityConnParameter                     
2000cd8c  randomAddressConfigured                             
2000cd8e  resolvablePrivateAddressOnlyCharProps               
2000cd96  smAllowDebugKeysMode                                
2000cd97  smAppProcessLTKRequest                              
2000cd98  smAuthenPairingOnlyMode                             
2000fc00  __stack                                             
20010000  __STACK_END                                         
20010000  __STACK_TOP                                         
4e020000  ccfg                                                
4e020000  ti_utils_build_GenMap_sym_CRC_CCFG_BOOT_CFG_begin   
4e02000b  ti_utils_build_GenMap_sym_CRC_CCFG_BOOT_CFG_end     
4e020010  ti_utils_build_GenMap_sym_CRC_CCFG_begin            
4e02074b  ti_utils_build_GenMap_sym_CRC_CCFG_end              
4e020750  ti_utils_build_GenMap_sym_CRC_CCFG_USER_RECORD_begin
4e0207cb  ti_utils_build_GenMap_sym_CRC_CCFG_USER_RECORD_end  
4e0207d0  ti_utils_build_GenMap_sym_CRC_CCFG_DEBUG_begin      
4e0207fb  ti_utils_build_GenMap_sym_CRC_CCFG_DEBUG_end        
90000000  TimestampP_nativeFormat64_copy                      
90000004  TimestampP_nativeFormat32_copy                      
ffffffff  __TI_pprof_out_hndl                                 
ffffffff  __TI_prof_data_size                                 
ffffffff  __TI_prof_data_start                                
ffffffff  __binit__                                           
ffffffff  binit                                               
UNDEFED   RCL_Debug_assertProxy                               
UNDEFED   RCL_Profiling_eventHook                             
UNDEFED   __mpu_init                                          
UNDEFED   _system_post_cinit                                  

[2124 symbols]
